#
# There is insufficient memory for the Java Runtime Environment to continue.
# Native memory allocation (mmap) failed to map 4194304 bytes. Error detail: G1 virtual space
# Possible reasons:
#   The system is out of physical RAM or swap space
#   This process is running with CompressedOops enabled, and the Java Heap may be blocking the growth of the native heap
# Possible solutions:
#   Reduce memory load on the system
#   Increase physical memory or swap space
#   Check if swap backing store is full
#   Decrease Java heap size (-Xmx/-Xms)
#   Decrease number of Java threads
#   Decrease Java thread stack sizes (-Xss)
#   Set larger code cache with -XX:ReservedCodeCacheSize=
#   JVM is running with Zero Based Compressed Oops mode in which the Java heap is
#     placed in the first 32GB address space. The Java Heap base address is the
#     maximum limit for the native heap growth. Please use -XX:HeapBaseMinAddress
#     to set the Java Heap base and to place the Java Heap above 32GB virtual address.
# This output file may be truncated or incomplete.
#
#  Out of Memory Error (os_windows.cpp:3713), pid=16584, tid=18408
#
# JRE version: OpenJDK Runtime Environment Temurin-21.0.8+9 (21.0.8+9) (build 21.0.8+9-LTS)
# Java VM: OpenJDK 64-Bit Server VM Temurin-21.0.8+9 (21.0.8+9-LTS, mixed mode, sharing, tiered, compressed oops, compressed class ptrs, g1 gc, windows-amd64)
# No core dump will be written. Minidumps are not enabled by default on client versions of Windows
#

---------------  S U M M A R Y ------------

Command Line: --add-opens=java.base/java.lang.reflect=ALL-UNNAMED --module-path=C:\Users\user\.m2\repository\org\openjfx\javafx-base\21\javafx-base-21-win.jar;C:\Users\user\.m2\repository\org\openjfx\javafx-base\21\javafx-base-21.jar;C:\Users\user\.m2\repository\org\openjfx\javafx-controls\21\javafx-controls-21-win.jar;C:\Users\user\.m2\repository\org\openjfx\javafx-controls\21\javafx-controls-21.jar;C:\Users\user\.m2\repository\org\openjfx\javafx-fxml\21\javafx-fxml-21-win.jar;C:\Users\user\.m2\repository\org\openjfx\javafx-fxml\21\javafx-fxml-21.jar;C:\Users\user\.m2\repository\org\openjfx\javafx-graphics\21\javafx-graphics-21-win.jar;C:\Users\user\.m2\repository\org\openjfx\javafx-graphics\21\javafx-graphics-21.jar;C:\Users\user\.m2\repository\org\openjfx\javafx-media\21\javafx-media-21-win.jar;C:\Users\user\.m2\repository\org\openjfx\javafx-media\21\javafx-media-21.jar;C:\Users\user\.m2\repository\org\openjfx\javafx-web\21\javafx-web-21-win.jar;C:\Users\user\.m2\repository\org\openjfx\javafx-web\21\javafx-web-21.jar --add-modules=javafx.base,javafx.controls,javafx.fxml,javafx.graphics,javafx.media,javafx.web JStream.application

Host: 11th Gen Intel(R) Core(TM) i5-1135G7 @ 2.40GHz, 8 cores, 19G,  Windows 11 , 64 bit Build 26100 (10.0.26100.7920)
Time: Mon Mar 30 19:34:29 2026 Paris, Madrid elapsed time: 9.830996 seconds (0d 0h 0m 9s)

---------------  T H R E A D  ---------------

Current thread (0x0000016f75f2ace0):  JavaThread "Thread-9"         [_thread_in_vm, id=18408, stack(0x0000001998100000,0x0000001998200000) (1024K)]

Stack: [0x0000001998100000,0x0000001998200000]
Native frames: (J=compiled Java code, j=interpreted, Vv=VM code, C=native code)
V  [jvm.dll+0x6d2449]
V  [jvm.dll+0x8ae341]
V  [jvm.dll+0x8b08be]
V  [jvm.dll+0x8b0fa3]
V  [jvm.dll+0x280c96]
V  [jvm.dll+0x6cec15]
V  [jvm.dll+0x6c2c3a]
V  [jvm.dll+0x35867a]
V  [jvm.dll+0x360246]
V  [jvm.dll+0x3b1c9b]
V  [jvm.dll+0x3b2334]
V  [jvm.dll+0x3b1ea6]
V  [jvm.dll+0x32cd2e]
V  [jvm.dll+0x32afcf]
V  [jvm.dll+0x6626f0]
V  [jvm.dll+0x240042]
V  [jvm.dll+0x874027]
V  [jvm.dll+0x1a6fce]
C  0x0000016f5a0c3571

The last pc belongs to new_type_array Runtime1 stub (printed below).
Java frames: (J=compiled Java code, j=interpreted, Vv=VM code)
v  ~RuntimeStub::new_type_array Runtime1 stub 0x0000016f5a0c3571
J 3214 c1 java.nio.HeapByteBuffer.<init>(IILjava/lang/foreign/MemorySegment;)V java.base@21.0.8 (21 bytes) @ 0x0000016f531097d5 [0x0000016f53109640+0x0000000000000195]
J 3213 c1 java.nio.ByteBuffer.allocate(I)Ljava/nio/ByteBuffer; java.base@21.0.8 (20 bytes) @ 0x0000016f53109264 [0x0000016f53109160+0x0000000000000104]
j  com.sun.javafx.iio.png.PNGImageLoader2.load(IIIZZ)Lcom/sun/javafx/iio/ImageFrame;+134 javafx.graphics@21
j  com.sun.javafx.iio.ImageStorage.loadAll(Lcom/sun/javafx/iio/ImageLoader;DDZFZ)[Lcom/sun/javafx/iio/ImageFrame;+55 javafx.graphics@21
j  com.sun.javafx.iio.ImageStorage.loadAll(Ljava/io/InputStream;Lcom/sun/javafx/iio/ImageLoadListener;DDZFZ)[Lcom/sun/javafx/iio/ImageFrame;+49 javafx.graphics@21
j  com.sun.javafx.tk.quantum.PrismImageLoader2.loadAll(Ljava/io/InputStream;DDZZ)V+24 javafx.graphics@21
j  com.sun.javafx.tk.quantum.PrismImageLoader2.<init>(Ljava/io/InputStream;DDZZ)V+13 javafx.graphics@21
j  com.sun.javafx.tk.quantum.PrismImageLoader2$AsyncImageLoader.processStream(Ljava/io/InputStream;)Lcom/sun/javafx/tk/quantum/PrismImageLoader2;+21 javafx.graphics@21
j  com.sun.javafx.tk.quantum.PrismImageLoader2$AsyncImageLoader.processStream(Ljava/io/InputStream;)Ljava/lang/Object;+2 javafx.graphics@21
j  com.sun.javafx.runtime.async.AbstractRemoteResource.call()Ljava/lang/Object;+297 javafx.graphics@21
j  com.sun.javafx.tk.quantum.PrismImageLoader2$AsyncImageLoader.access$001(Lcom/sun/javafx/tk/quantum/PrismImageLoader2$AsyncImageLoader;)Ljava/lang/Object;+1 javafx.graphics@21
j  com.sun.javafx.tk.quantum.PrismImageLoader2$AsyncImageLoader.lambda$call$0()Lcom/sun/javafx/tk/quantum/PrismImageLoader2;+1 javafx.graphics@21
j  com.sun.javafx.tk.quantum.PrismImageLoader2$AsyncImageLoader$$Lambda+0x0000016f01282610.run()Ljava/lang/Object;+4 javafx.graphics@21
j  java.security.AccessController.executePrivileged(Ljava/security/PrivilegedExceptionAction;Ljava/security/AccessControlContext;Ljava/lang/Class;)Ljava/lang/Object;+29 java.base@21.0.8
j  java.security.AccessController.doPrivileged(Ljava/security/PrivilegedExceptionAction;Ljava/security/AccessControlContext;)Ljava/lang/Object;+13 java.base@21.0.8
j  com.sun.javafx.tk.quantum.PrismImageLoader2$AsyncImageLoader.call()Lcom/sun/javafx/tk/quantum/PrismImageLoader2;+10 javafx.graphics@21
j  com.sun.javafx.tk.quantum.PrismImageLoader2$AsyncImageLoader.call()Ljava/lang/Object;+1 javafx.graphics@21
j  com.sun.javafx.runtime.async.AbstractAsyncOperation.lambda$new$0()Ljava/lang/Object;+1 javafx.graphics@21
j  com.sun.javafx.runtime.async.AbstractAsyncOperation$$Lambda+0x0000016f01281d68.call()Ljava/lang/Object;+4 javafx.graphics@21
j  java.util.concurrent.FutureTask.run()V+39 java.base@21.0.8
j  java.util.concurrent.ThreadPoolExecutor.runWorker(Ljava/util/concurrent/ThreadPoolExecutor$Worker;)V+92 java.base@21.0.8
j  java.util.concurrent.ThreadPoolExecutor$Worker.run()V+5 java.base@21.0.8
j  java.lang.Thread.runWith(Ljava/lang/Object;Ljava/lang/Runnable;)V+5 java.base@21.0.8
j  java.lang.Thread.run()V+19 java.base@21.0.8
v  ~StubRoutines::call_stub 0x0000016f59fa10e7
--------------------------------------------------------------------------------
Decoding CodeBlob, name: new_type_array Runtime1 stub, at  [0x0000016f5a0c3400, 0x0000016f5a0c3710]  784 bytes
[MachCode]
  0x0000016f5a0c3400: 5548 8bec | 4881 ec80 | 0000 0048 | 8944 2478 | 4889 4c24 | 7048 8954 | 2468 4889 | 5c24 6048 
  0x0000016f5a0c3420: 896c 2450 | 4889 7424 | 4848 897c | 2440 4c89 | 4424 384c | 894c 2430 | 4c89 5424 | 284c 895c 
  0x0000016f5a0c3440: 2420 4c89 | 6424 184c | 896c 2410 | 4c89 7424 | 084c 893c | 2448 81ec | 1004 0000 | c5fb 1144 
  0x0000016f5a0c3460: 2428 c5fb | 114c 2430 | c5fb 1154 | 2438 c5fb | 115c 2440 | c5fb 1164 | 2448 c5fb | 116c 2450 
  0x0000016f5a0c3480: c5fb 1174 | 2458 c5fb | 117c 2460 | c57b 1144 | 2468 c57b | 114c 2470 | c57b 1154 | 2478 c57b 
  0x0000016f5a0c34a0: 119c 2480 | 0000 00c5 | 7b11 a424 | 8800 0000 | c57b 11ac | 2490 0000 | 00c5 7b11 | b424 9800 
  0x0000016f5a0c34c0: 0000 c57b | 11bc 24a0 | 0000 0062 | e1ff 0811 | 4424 1562 | e1ff 0811 | 4c24 1662 | e1ff 0811 
  0x0000016f5a0c34e0: 5424 1762 | e1ff 0811 | 5c24 1862 | e1ff 0811 | 6424 1962 | e1ff 0811 | 6c24 1a62 | e1ff 0811 
  0x0000016f5a0c3500: 7424 1b62 | e1ff 0811 | 7c24 1c62 | 61ff 0811 | 4424 1d62 | 61ff 0811 | 4c24 1e62 | 61ff 0811 
  0x0000016f5a0c3520: 5424 1f62 | 61ff 0811 | 5c24 2062 | 61ff 0811 | 6424 2162 | 61ff 0811 | 6c24 2262 | 61ff 0811 
  0x0000016f5a0c3540: 7424 2362 | 61ff 0811 | 7c24 2448 | 8bd2 4c8b | c349 8bcf | c5f8 7749 | 89af a803 | 0000 4989 
  0x0000016f5a0c3560: a798 0300 | 0048 b8a0 | 6f09 d4ff | 7f00 00ff | d049 c787 | 9803 0000 | 0000 0000 | 49c7 87a8 
  0x0000016f5a0c3580: 0300 0000 | 0000 0049 | c787 a003 | 0000 0000 | 0000 c5f8 | 7749 837f | 0800 0f84 | 1400 0000 
  0x0000016f5a0c35a0: 498b 4708 | 49c7 87f0 | 0300 0000 | 0000 00e9 | 4cd3 ffff | 498b 87f0 | 0300 0049 | c787 f003 
  0x0000016f5a0c35c0: 0000 0000 | 0000 c5fb | 1044 2428 | c5fb 104c | 2430 c5fb | 1054 2438 | c5fb 105c | 2440 c5fb 
  0x0000016f5a0c35e0: 1064 2448 | c5fb 106c | 2450 c5fb | 1074 2458 | c5fb 107c | 2460 c57b | 1044 2468 | c57b 104c 
  0x0000016f5a0c3600: 2470 c57b | 1054 2478 | c57b 109c | 2480 0000 | 00c5 7b10 | a424 8800 | 0000 c57b | 10ac 2490 
  0x0000016f5a0c3620: 0000 00c5 | 7b10 b424 | 9800 0000 | c57b 10bc | 24a0 0000 | 0062 e1ff | 0810 4424 | 1562 e1ff 
  0x0000016f5a0c3640: 0810 4c24 | 1662 e1ff | 0810 5424 | 1762 e1ff | 0810 5c24 | 1862 e1ff | 0810 6424 | 1962 e1ff 
  0x0000016f5a0c3660: 0810 6c24 | 1a62 e1ff | 0810 7424 | 1b62 e1ff | 0810 7c24 | 1c62 61ff | 0810 4424 | 1d62 61ff 
  0x0000016f5a0c3680: 0810 4c24 | 1e62 61ff | 0810 5424 | 1f62 61ff | 0810 5c24 | 2062 61ff | 0810 6424 | 2162 61ff 
  0x0000016f5a0c36a0: 0810 6c24 | 2262 61ff | 0810 7424 | 2362 61ff | 0810 7c24 | 2448 81c4 | 1004 0000 | 4c8b 3c24 
  0x0000016f5a0c36c0: 4c8b 7424 | 084c 8b6c | 2410 4c8b | 6424 184c | 8b5c 2420 | 4c8b 5424 | 284c 8b4c | 2430 4c8b 
  0x0000016f5a0c36e0: 4424 3848 | 8b7c 2440 | 488b 7424 | 4848 8b6c | 2450 488b | 5c24 6048 | 8b54 2468 | 488b 4c24 
  0x0000016f5a0c3700: 7048 81c4 | 8000 0000 | c9c3 660f | 1f44 0000 
[/MachCode]
--------------------------------------------------------------------------------


Compiled method (c1) 9888 3214       3       java.nio.HeapByteBuffer::<init> (21 bytes)
 total in heap  [0x0000016f53109490,0x0000016f53109908] = 1144
 relocation     [0x0000016f531095f0,0x0000016f53109630] = 64
 main code      [0x0000016f53109640,0x0000016f53109818] = 472
 stub code      [0x0000016f53109818,0x0000016f53109858] = 64
 metadata       [0x0000016f53109858,0x0000016f53109868] = 16
 scopes data    [0x0000016f53109868,0x0000016f531098b0] = 72
 scopes pcs     [0x0000016f531098b0,0x0000016f53109900] = 80
 dependencies   [0x0000016f53109900,0x0000016f53109908] = 8

[Constant Pool (empty)]

[MachCode]
[Entry Point]
  # {method} {0x0000016f001c7038} '<init>' '(IILjava/lang/foreign/MemorySegment;)V' in 'java/nio/HeapByteBuffer'
  # this:     rdx:rdx   = 'java/nio/HeapByteBuffer'
  # parm0:    r8        = int
  # parm1:    r9        = int
  # parm2:    rdi:rdi   = 'java/lang/foreign/MemorySegment'
  #           [sp+0x70]  (sp of caller)
  0x0000016f53109640: 448b 5208 | 49bb 0000 | 0000 6f01 | 0000 4d03 | d34c 3bd0 

  0x0000016f53109654: ;   {runtime_call ic_miss_stub}
  0x0000016f53109654: 0f85 2653 | ee06 660f | 1f44 0000 
[Verified Entry Point]
  0x0000016f53109660: 8984 2400 | 80ff ff55 | 4883 ec60 | 4181 7f20 | 0300 0000 

  0x0000016f53109674: ;   {runtime_call StubRoutines (final stubs)}
  0x0000016f53109674: 7405 e845 | c6ec 064d | 8bd8 4d8b | e94c 8bf7 

  0x0000016f53109684: ;   {metadata(method data for {method} {0x0000016f001c7038} '<init>' '(IILjava/lang/foreign/MemorySegment;)V' in 'java/nio/HeapByteBuffer')}
  0x0000016f53109684: 48bb 8021 | f66b 6f01 | 0000 8bb3 | cc00 0000 | 83c6 0289 | b3cc 0000 | 0081 e6fe | 0700 0085 
  0x0000016f531096a4: f60f 8404 | 0100 0049 | 8bdb 4c8b 

  0x0000016f531096b0: ;   {metadata({type array byte})}
  0x0000016f531096b0: ca48 ba18 | 2300 006f | 0100 0048 | 63db 488b | fb48 81fb | ffff ff00 | 0f87 0201 | 0000 48c7 
  0x0000016f531096d0: c617 0000 | 0048 8d34 | 1e48 83e6 | f849 8b87 | b801 0000 | 488d 3430 | 493b b7c8 | 0100 000f 
  0x0000016f531096f0: 87db 0000 | 0049 89b7 | b801 0000 | 482b f048 | c700 0100 | 0000 488b | ca49 ba00 | 0000 006f 
  0x0000016f53109710: 0100 0049 | 2bca 8948 | 0889 580c | 4883 ee10 | 4885 f60f | 8411 0000 | 0048 33db | 48c1 ee03 
  0x0000016f53109730: 4889 5cf0 | 0848 ffce | 75f6 498b 

  0x0000016f5310973c: ;   {metadata(method data for {method} {0x0000016f001c7038} '<init>' '(IILjava/lang/foreign/MemorySegment;)V' in 'java/nio/HeapByteBuffer')}
  0x0000016f5310973c: d149 b880 | 21f6 6b6f | 0100 0049 | 8380 1001 | 0000 0141 | b8ff ffff | ff49 8bd1 | 41b9 0000 
  0x0000016f5310975c: 0000 498b | fd49 8bf3 | 488b c8c7 | 0424 0000 | 0000 4c89 | 7424 0848 | 8bda 488b | d348 895c 
  0x0000016f5310977c: ;   {optimized virtual_call}
  0x0000016f5310977c: 2448 90e8 

  0x0000016f53109780: ; ImmutableOopMap {[72]=Oop }
                      ;*invokespecial <init> {reexecute=0 rethrow=0 return_oop=0}
                      ; - java.nio.HeapByteBuffer::<init>@10 (line 71)
  0x0000016f53109780: dc22 acff 

  0x0000016f53109784: ;   {other}
  0x0000016f53109784: 0f1f 8400 | f402 0000 | 488b 5424 | 4849 c7c2 | 1000 0000 | 4c89 5210 | 4883 c460 

  0x0000016f531097a0: ;   {poll_return}
  0x0000016f531097a0: 5d49 3ba7 | 4804 0000 | 0f87 2c00 

  0x0000016f531097ac: ;   {metadata({method} {0x0000016f001c7038} '<init>' '(IILjava/lang/foreign/MemorySegment;)V' in 'java/nio/HeapByteBuffer')}
  0x0000016f531097ac: 0000 c349 | ba30 701c | 006f 0100 | 004c 8954 | 2408 48c7 | 0424 ffff 

  0x0000016f531097c4: ;   {runtime_call counter_overflow Runtime1 stub}
  0x0000016f531097c4: ffff e835 

  0x0000016f531097c8: ; ImmutableOopMap {rdx=Oop r14=Oop }
                      ;*synchronization entry
                      ; - java.nio.HeapByteBuffer::<init>@-1 (line 71)
  0x0000016f531097c8: 21fc 06e9 | dbfe ffff 

  0x0000016f531097d0: ;   {runtime_call new_type_array Runtime1 stub}
  0x0000016f531097d0: e82b 9cfb 

  0x0000016f531097d4: ; ImmutableOopMap {r14=Oop r9=Oop }
                      ;*newarray {reexecute=0 rethrow=0 return_oop=0}
                      ; - java.nio.HeapByteBuffer::<init>@6 (line 71)
  0x0000016f531097d4: 06e9 60ff 

  0x0000016f531097d8: ;   {internal_word}
  0x0000016f531097d8: ffff 49ba | a197 1053 | 6f01 0000 | 4d89 9760 

  0x0000016f531097e8: ;   {runtime_call SafepointBlob}
  0x0000016f531097e8: 0400 00e9 | 90d3 ee06 | 498b 87f8 | 0400 0049 | c787 f804 | 0000 0000 | 0000 49c7 | 8700 0500 
  0x0000016f53109808: 0000 0000 | 0048 83c4 

  0x0000016f53109810: ;   {runtime_call unwind_exception Runtime1 stub}
  0x0000016f53109810: 605d e9e9 | 6dfb 06f4 
[Stub Code]
  0x0000016f53109818: ;   {no_reloc}
  0x0000016f53109818: 48bb 0000 | 0000 0000 

  0x0000016f53109820: ;   {runtime_call nmethod}
  0x0000016f53109820: 0000 e9fb 

  0x0000016f53109824: ;   {runtime_call handle_exception_from_callee Runtime1 stub}
  0x0000016f53109824: ffff ffe8 | 54c0 fb06 

  0x0000016f5310982c: ;   {external_word}
  0x0000016f5310982c: 48b9 90e2 | 8ed4 ff7f | 0000 4883 

  0x0000016f53109838: ;   {runtime_call}
  0x0000016f53109838: e4f0 48b8 | 1079 51d4 | ff7f 0000 

  0x0000016f53109844: ;   {section_word}
  0x0000016f53109844: ffd0 f449 | ba47 9810 | 536f 0100 

  0x0000016f53109850: ;   {runtime_call DeoptimizationBlob}
  0x0000016f53109850: 0041 52e9 | c8e7 ee06 
[/MachCode]


Compiled method (c1) 9900 3213       3       java.nio.ByteBuffer::allocate (20 bytes)
 total in heap  [0x0000016f53108f90,0x0000016f53109438] = 1192
 relocation     [0x0000016f531090f0,0x0000016f53109148] = 88
 main code      [0x0000016f53109160,0x0000016f53109328] = 456
 stub code      [0x0000016f53109328,0x0000016f53109378] = 80
 metadata       [0x0000016f53109378,0x0000016f53109380] = 8
 scopes data    [0x0000016f53109380,0x0000016f531093b0] = 48
 scopes pcs     [0x0000016f531093b0,0x0000016f53109420] = 112
 dependencies   [0x0000016f53109420,0x0000016f53109428] = 8
 nul chk table  [0x0000016f53109428,0x0000016f53109438] = 16

[Constant Pool (empty)]

[MachCode]
[Verified Entry Point]
  # {method} {0x0000016f000c5238} 'allocate' '(I)Ljava/nio/ByteBuffer;' in 'java/nio/ByteBuffer'
  # parm0:    rdx       = int
  #           [sp+0x50]  (sp of caller)
  0x0000016f53109160: 8984 2400 | 80ff ff55 | 4883 ec40 | 4181 7f20 | 0300 0000 

  0x0000016f53109174: ;   {runtime_call StubRoutines (final stubs)}
  0x0000016f53109174: 7405 e845 | cbec 0648 

  0x0000016f5310917c: ;   {metadata(method data for {method} {0x0000016f000c5238} 'allocate' '(I)Ljava/nio/ByteBuffer;' in 'java/nio/ByteBuffer')}
  0x0000016f5310917c: 8bda 48ba | f01f f66b | 6f01 0000 | 8bb2 cc00 | 0000 83c6 | 0289 b2cc | 0000 0081 | e6fe 0700 
  0x0000016f5310919c: 0085 f60f | 840f 0100 

  0x0000016f531091a4: ;   {metadata(method data for {method} {0x0000016f000c5238} 'allocate' '(I)Ljava/nio/ByteBuffer;' in 'java/nio/ByteBuffer')}
  0x0000016f531091a4: 0085 db48 | baf0 1ff6 | 6b6f 0100 | 0048 c7c6 | 2001 0000 | 7c07 48c7 | c610 0100 | 0048 8b3c 
  0x0000016f531091c4: 3248 8d7f | 0148 893c | 320f 8cb1 

  0x0000016f531091d0: ;   {metadata('java/nio/HeapByteBuffer')}
  0x0000016f531091d0: 0000 0048 | ba88 4d1c | 006f 0100 | 0049 8b87 | b801 0000 | 488d 7838 | 493b bfc8 | 0100 000f 
  0x0000016f531091f0: 87e0 0000 | 0049 89bf | b801 0000 | 48c7 0001 | 0000 0048 | 8bca 49ba | 0000 0000 | 6f01 0000 
  0x0000016f53109210: 492b ca89 | 4808 4833 | c989 480c | 4833 c948 | c7c7 0500 | 0000 4889 | 4cf8 0848 | ffcf 75f6 
  0x0000016f53109230: ;   {metadata(method data for {method} {0x0000016f000c5238} 'allocate' '(I)Ljava/nio/ByteBuffer;' in 'java/nio/ByteBuffer')}
  0x0000016f53109230: 4c8b c049 | b9f0 1ff6 | 6b6f 0100 | 0049 8381 | 4001 0000 | 014c 8bc3 

  0x0000016f53109248: ;   {oop(nullptr)}
  0x0000016f53109248: 4c8b cb48 | bf00 0000 | 0000 0000 | 0048 8bd0 | 4889 4424 

  0x0000016f5310925c: ;   {optimized virtual_call}
  0x0000016f5310925c: 3066 90e8 

  0x0000016f53109260: ; ImmutableOopMap {[48]=Oop }
                      ;*invokespecial <init> {reexecute=0 rethrow=0 return_oop=0}
                      ; - java.nio.ByteBuffer::allocate@16 (line 391)
  0x0000016f53109260: fc03 0000 

  0x0000016f53109264: ;   {other}
  0x0000016f53109264: 0f1f 8400 | d402 0000 | 488b 4424 | 3048 83c4 

  0x0000016f53109274: ;   {poll_return}
  0x0000016f53109274: 405d 493b | a748 0400 | 000f 875f | 0000 00c3 

  0x0000016f53109284: ;   {metadata(method data for {method} {0x0000016f000c5238} 'allocate' '(I)Ljava/nio/ByteBuffer;' in 'java/nio/ByteBuffer')}
  0x0000016f53109284: 48ba f01f | f66b 6f01 | 0000 4883 | 8230 0100 | 0001 488b | d366 0f1f 

  0x0000016f5310929c: ;   {static_call}
  0x0000016f5310929c: 4400 00e8 

  0x0000016f531092a0: ; ImmutableOopMap {}
                      ;*invokestatic createCapacityException {reexecute=0 rethrow=0 return_oop=0}
                      ; - java.nio.ByteBuffer::allocate@5 (line 390)
  0x0000016f531092a0: dc65 ee06 

  0x0000016f531092a4: ;   {other}
  0x0000016f531092a4: 0f1f 8400 | 1403 0001 

  0x0000016f531092ac: ; implicit exception: dispatches to 0x0000016f531092f8
  0x0000016f531092ac: 483b 00e9 | 6600 0000 

  0x0000016f531092b4: ;   {metadata({method} {0x0000016f000c5238} 'allocate' '(I)Ljava/nio/ByteBuffer;' in 'java/nio/ByteBuffer')}
  0x0000016f531092b4: 49ba 3052 | 0c00 6f01 | 0000 4c89 | 5424 0848 | c704 24ff 

  0x0000016f531092c8: ;   {runtime_call counter_overflow Runtime1 stub}
  0x0000016f531092c8: ffff ffe8 

  0x0000016f531092cc: ; ImmutableOopMap {}
                      ;*synchronization entry
                      ; - java.nio.ByteBuffer::allocate@-1 (line 389)
  0x0000016f531092cc: 3026 fc06 | e9d0 feff | ff48 8bd2 

  0x0000016f531092d8: ;   {runtime_call fast_new_instance Runtime1 stub}
  0x0000016f531092d8: e823 99fb 

  0x0000016f531092dc: ; ImmutableOopMap {}
                      ;*new {reexecute=0 rethrow=0 return_oop=0}
                      ; - java.nio.ByteBuffer::allocate@9 (line 391)
  0x0000016f531092dc: 06e9 4eff 

  0x0000016f531092e0: ;   {internal_word}
  0x0000016f531092e0: ffff 49ba | 7692 1053 | 6f01 0000 | 4d89 9760 

  0x0000016f531092f0: ;   {runtime_call SafepointBlob}
  0x0000016f531092f0: 0400 00e9 | 88d8 ee06 

  0x0000016f531092f8: ;   {runtime_call throw_null_pointer_exception Runtime1 stub}
  0x0000016f531092f8: e823 88fb 

  0x0000016f531092fc: ; ImmutableOopMap {rax=Oop }
                      ;*athrow {reexecute=1 rethrow=0 return_oop=0}
                      ; - (reexecute) java.nio.ByteBuffer::allocate@8 (line 390)
  0x0000016f531092fc: 0649 8b87 | f804 0000 | 49c7 87f8 | 0400 0000 | 0000 0049 | c787 0005 | 0000 0000 | 0000 4883 
  0x0000016f5310931c: ;   {runtime_call unwind_exception Runtime1 stub}
  0x0000016f5310931c: c440 5de9 | dc72 fb06 | f4f4 f4f4 
[Stub Code]
  0x0000016f53109328: ;   {no_reloc}
  0x0000016f53109328: 48bb 0000 | 0000 0000 

  0x0000016f53109330: ;   {runtime_call nmethod}
  0x0000016f53109330: 0000 e9fb 

  0x0000016f53109334: ;   {static_stub}
  0x0000016f53109334: ffff ff48 | bb00 0000 | 0000 0000 

  0x0000016f53109340: ;   {runtime_call nmethod}
  0x0000016f53109340: 00e9 fbff 

  0x0000016f53109344: ;   {runtime_call handle_exception_from_callee Runtime1 stub}
  0x0000016f53109344: ffff e835 

  0x0000016f53109348: ;   {external_word}
  0x0000016f53109348: c5fb 0648 | b990 e28e | d4ff 7f00 | 0048 83e4 

  0x0000016f53109358: ;   {runtime_call}
  0x0000016f53109358: f048 b810 | 7951 d4ff | 7f00 00ff 

  0x0000016f53109364: ;   {section_word}
  0x0000016f53109364: d0f4 49ba | 6693 1053 | 6f01 0000 

  0x0000016f53109370: ;   {runtime_call DeoptimizationBlob}
  0x0000016f53109370: 4152 e9a9 | ecee 06f4 
[/MachCode]


---------------  P R O C E S S  ---------------

Threads class SMR info:
_java_thread_list=0x0000016f78d410e0, length=25, elements={
0x0000016f4f0cf500, 0x0000016f6aa99320, 0x0000016f6aa99d70, 0x0000016f6aa9cb60,
0x0000016f6aa9db70, 0x0000016f6aa9e6f0, 0x0000016f6aaa7150, 0x0000016f6aab16a0,
0x0000016f6aab2e80, 0x0000016f6ab7cf10, 0x0000016f6f0d4020, 0x0000016f6ae7b7a0,
0x0000016f6f7c8cc0, 0x0000016f6fd6b140, 0x0000016f70085860, 0x0000016f700c3820,
0x0000016f700f7ef0, 0x0000016f706bfa80, 0x0000016f75f2ba00, 0x0000016f75f2a650,
0x0000016f75f2d440, 0x0000016f75f2ace0, 0x0000016f75f2c720, 0x0000016f7047c3b0,
0x0000016f75f2cdb0
}

Java Threads: ( => current thread )
  0x0000016f4f0cf500 JavaThread "main"                              [_thread_blocked, id=3400, stack(0x0000001995700000,0x0000001995800000) (1024K)]
  0x0000016f6aa99320 JavaThread "Reference Handler"          daemon [_thread_blocked, id=18868, stack(0x0000001995f00000,0x0000001996000000) (1024K)]
  0x0000016f6aa99d70 JavaThread "Finalizer"                  daemon [_thread_blocked, id=18968, stack(0x0000001996000000,0x0000001996100000) (1024K)]
  0x0000016f6aa9cb60 JavaThread "Signal Dispatcher"          daemon [_thread_blocked, id=16792, stack(0x0000001996100000,0x0000001996200000) (1024K)]
  0x0000016f6aa9db70 JavaThread "Attach Listener"            daemon [_thread_blocked, id=14000, stack(0x0000001996200000,0x0000001996300000) (1024K)]
  0x0000016f6aa9e6f0 JavaThread "Service Thread"             daemon [_thread_blocked, id=31432, stack(0x0000001996300000,0x0000001996400000) (1024K)]
  0x0000016f6aaa7150 JavaThread "Monitor Deflation Thread"   daemon [_thread_blocked, id=11156, stack(0x0000001996400000,0x0000001996500000) (1024K)]
  0x0000016f6aab16a0 JavaThread "C2 CompilerThread0"         daemon [_thread_in_native, id=7152, stack(0x0000001996500000,0x0000001996600000) (1024K)]
  0x0000016f6aab2e80 JavaThread "C1 CompilerThread0"         daemon [_thread_in_native, id=27924, stack(0x0000001996600000,0x0000001996700000) (1024K)]
  0x0000016f6ab7cf10 JavaThread "Common-Cleaner"             daemon [_thread_blocked, id=2740, stack(0x0000001996700000,0x0000001996800000) (1024K)]
  0x0000016f6f0d4020 JavaThread "Notification Thread"        daemon [_thread_blocked, id=30756, stack(0x0000001996a00000,0x0000001996b00000) (1024K)]
  0x0000016f6ae7b7a0 JavaThread "QuantumRenderer-0"          daemon [_thread_in_vm, id=24728, stack(0x0000001996b00000,0x0000001996c00000) (1024K)]
  0x0000016f6f7c8cc0 JavaThread "InvokeLaterDispatcher"      daemon [_thread_blocked, id=22384, stack(0x0000001996800000,0x0000001996900000) (1024K)]
  0x0000016f6fd6b140 JavaThread "JavaFX Application Thread"         [_thread_in_native, id=1436, stack(0x0000001996900000,0x0000001996a00000) (1024K)]
  0x0000016f70085860 JavaThread "JavaFX-Launcher"                   [_thread_blocked, id=12056, stack(0x0000001997600000,0x0000001997700000) (1024K)]
  0x0000016f700c3820 JavaThread "Thread-2"                   daemon [_thread_in_native, id=7380, stack(0x0000001997500000,0x0000001997600000) (1024K)]
  0x0000016f700f7ef0 JavaThread "mysql-cj-abandoned-connection-cleanup" daemon [_thread_blocked, id=17220, stack(0x0000001997700000,0x0000001997800000) (1024K)]
  0x0000016f706bfa80 JavaThread "Prism Font Disposer"        daemon [_thread_blocked, id=15124, stack(0x0000001997a00000,0x0000001997b00000) (1024K)]
  0x0000016f75f2ba00 JavaThread "Cleaner-0"                  daemon [_thread_blocked, id=18340, stack(0x0000001998000000,0x0000001998100000) (1024K)]
  0x0000016f75f2a650 JavaThread "Thread-7"                          [_thread_blocked, id=21304, stack(0x0000001997900000,0x0000001997a00000) (1024K)]
  0x0000016f75f2d440 JavaThread "Thread-8"                          [_thread_blocked, id=11640, stack(0x0000001997e00000,0x0000001997f00000) (1024K)]
=>0x0000016f75f2ace0 JavaThread "Thread-9"                          [_thread_in_vm, id=18408, stack(0x0000001998100000,0x0000001998200000) (1024K)]
  0x0000016f75f2c720 JavaThread "Thread-10"                         [_thread_blocked, id=10832, stack(0x0000001998200000,0x0000001998300000) (1024K)]
  0x0000016f7047c3b0 JavaThread "C2 CompilerThread1"         daemon [_thread_in_native, id=8180, stack(0x0000001998400000,0x0000001998500000) (1024K)]
  0x0000016f75f2cdb0 JavaThread "Thread-11"                         [_thread_blocked, id=13964, stack(0x0000001998500000,0x0000001998600000) (1024K)]
Total: 25

Other Threads:
  0x0000016f6aa7c080 VMThread "VM Thread"                           [id=30616, stack(0x0000001995e00000,0x0000001995f00000) (1024K)]
  0x0000016f6aa5fcb0 WatcherThread "VM Periodic Task Thread"        [id=12236, stack(0x0000001995d00000,0x0000001995e00000) (1024K)]
  0x0000016f4f1406c0 WorkerThread "GC Thread#0"                     [id=29500, stack(0x0000001995800000,0x0000001995900000) (1024K)]
  0x0000016f70079c20 WorkerThread "GC Thread#1"                     [id=26680, stack(0x0000001996f00000,0x0000001997000000) (1024K)]
  0x0000016f70075bd0 WorkerThread "GC Thread#2"                     [id=10360, stack(0x0000001997000000,0x0000001997100000) (1024K)]
  0x0000016f6ffb86c0 WorkerThread "GC Thread#3"                     [id=30476, stack(0x0000001997100000,0x0000001997200000) (1024K)]
  0x0000016f6ff8cc60 WorkerThread "GC Thread#4"                     [id=1812, stack(0x0000001997200000,0x0000001997300000) (1024K)]
  0x0000016f7007cc10 WorkerThread "GC Thread#5"                     [id=27740, stack(0x0000001997300000,0x0000001997400000) (1024K)]
  0x0000016f6ffa45c0 WorkerThread "GC Thread#6"                     [id=9012, stack(0x0000001997400000,0x0000001997500000) (1024K)]
  0x0000016f70286f00 WorkerThread "GC Thread#7"                     [id=27384, stack(0x0000001997800000,0x0000001997900000) (1024K)]
  0x0000016f4f14b3b0 ConcurrentGCThread "G1 Main Marker"            [id=23628, stack(0x0000001995900000,0x0000001995a00000) (1024K)]
  0x0000016f4f14daf0 WorkerThread "G1 Conc#0"                       [id=18920, stack(0x0000001995a00000,0x0000001995b00000) (1024K)]
  0x0000016f76843270 WorkerThread "G1 Conc#1"                       [id=14020, stack(0x0000001997f00000,0x0000001998000000) (1024K)]
  0x0000016f6a935560 ConcurrentGCThread "G1 Refine#0"               [id=2868, stack(0x0000001995b00000,0x0000001995c00000) (1024K)]
  0x0000016f6a935d80 ConcurrentGCThread "G1 Service"                [id=19244, stack(0x0000001995c00000,0x0000001995d00000) (1024K)]
Total: 15

Threads with active compile tasks:
C2 CompilerThread0  9914 6251   !   4       com.sun.prism.impl.GlyphCache::getCachedGlyph (494 bytes)
C1 CompilerThread0  9914 6267       3       com.sun.scenario.effect.impl.prism.ps.PPSOneSamplerPeer::filterImpl (532 bytes)
C2 CompilerThread1  9914 6058 %     4       com.sun.marlin.Renderer::_endRendering @ 787 (2639 bytes)
Total: 3

VM state: not at safepoint (normal execution)

VM Mutex/Monitor currently owned by a thread:  ([mutex/lock_event])
[0x00007fffd4ba5558] Heap_lock - owner thread: 0x0000016f75f2ace0

Heap address: 0x00000006c4000000, size: 5056 MB, Compressed Oops mode: Zero based, Oop shift amount: 3

CDS archive(s) mapped at: [0x0000016f00000000-0x0000016f00c80000-0x0000016f00c80000), size 13107200, SharedBaseAddress: 0x0000016f00000000, ArchiveRelocationMode: 1.
Compressed class space mapped at: 0x0000016f01000000-0x0000016f41000000, reserved size: 1073741824
Narrow klass base: 0x0000016f00000000, Narrow klass shift: 0, Narrow klass range: 0x100000000

GC Precious Log:
 CardTable entry size: 512
 Card Set container configuration: InlinePtr #cards 4 size 8 Array Of Cards #cards 32 size 80 Howl #buckets 8 coarsen threshold 7372 Howl Bitmap #cards 1024 size 144 coarsen threshold 921 Card regions per heap region 1 cards per card region 8192
 CPUs: 8 total, 8 available
 Memory: 20222M
 Large Page Support: Disabled
 NUMA Support: Disabled
 Compressed Oops: Enabled (Zero based)
 Heap Region Size: 4M
 Heap Min Capacity: 8M
 Heap Initial Capacity: 316M
 Heap Max Capacity: 5056M
 Pre-touch: Disabled
 Parallel Workers: 8
 Concurrent Workers: 2
 Concurrent Refinement Workers: 8
 Periodic GC: Disabled

Heap:
 garbage-first heap   total 319488K, used 315583K [0x00000006c4000000, 0x0000000800000000)
  region size 4096K, 13 young (53248K), 6 survivors (24576K)
 Metaspace       used 23947K, committed 24384K, reserved 1114112K
  class space    used 3135K, committed 3328K, reserved 1048576K

Heap Regions: E=young(eden), S=young(survivor), O=old, HS=humongous(starts), HC=humongous(continues), CS=collection set, F=free, TAMS=top-at-mark-start, PB=parsable bottom
|   0|0x00000006c4000000, 0x00000006c410d2c8, 0x00000006c4400000| 26%| O|Cm|TAMS 0x00000006c4000000| PB 0x00000006c4000000| Complete 
|   1|0x00000006c4400000, 0x00000006c4800000, 0x00000006c4800000|100%|HS|  |TAMS 0x00000006c4400000| PB 0x00000006c4400000| Complete 
|   2|0x00000006c4800000, 0x00000006c4c00000, 0x00000006c4c00000|100%|HS|  |TAMS 0x00000006c4800000| PB 0x00000006c4800000| Complete 
|   3|0x00000006c4c00000, 0x00000006c5000000, 0x00000006c5000000|100%|HS|  |TAMS 0x00000006c4c00000| PB 0x00000006c4c00000| Complete 
|   4|0x00000006c5000000, 0x00000006c5400000, 0x00000006c5400000|100%|HS|  |TAMS 0x00000006c5000000| PB 0x00000006c5000000| Complete 
|   5|0x00000006c5400000, 0x00000006c5800000, 0x00000006c5800000|100%|HS|  |TAMS 0x00000006c5400000| PB 0x00000006c5400000| Complete 
|   6|0x00000006c5800000, 0x00000006c5c00000, 0x00000006c5c00000|100%|HS|  |TAMS 0x00000006c5800000| PB 0x00000006c5800000| Complete 
|   7|0x00000006c5c00000, 0x00000006c6000000, 0x00000006c6000000|100%|HS|  |TAMS 0x00000006c5c00000| PB 0x00000006c5c00000| Complete 
|   8|0x00000006c6000000, 0x00000006c6400000, 0x00000006c6400000|100%|HS|  |TAMS 0x00000006c6000000| PB 0x00000006c6000000| Complete 
|   9|0x00000006c6400000, 0x00000006c6800000, 0x00000006c6800000|100%|HS|  |TAMS 0x00000006c6400000| PB 0x00000006c6400000| Complete 
|  10|0x00000006c6800000, 0x00000006c6c00000, 0x00000006c6c00000|100%|HS|  |TAMS 0x00000006c6800000| PB 0x00000006c6800000| Complete 
|  11|0x00000006c6c00000, 0x00000006c7000000, 0x00000006c7000000|100%|HS|  |TAMS 0x00000006c6c00000| PB 0x00000006c6c00000| Complete 
|  12|0x00000006c7000000, 0x00000006c7400000, 0x00000006c7400000|100%|HC|  |TAMS 0x00000006c7000000| PB 0x00000006c7000000| Complete 
|  13|0x00000006c7400000, 0x00000006c7800000, 0x00000006c7800000|100%|HC|  |TAMS 0x00000006c7400000| PB 0x00000006c7400000| Complete 
|  14|0x00000006c7800000, 0x00000006c7c00000, 0x00000006c7c00000|100%|HS|  |TAMS 0x00000006c7800000| PB 0x00000006c7800000| Complete 
|  15|0x00000006c7c00000, 0x00000006c8000000, 0x00000006c8000000|100%|HC|  |TAMS 0x00000006c7c00000| PB 0x00000006c7c00000| Complete 
|  16|0x00000006c8000000, 0x00000006c8400000, 0x00000006c8400000|100%|HC|  |TAMS 0x00000006c8000000| PB 0x00000006c8000000| Complete 
|  17|0x00000006c8400000, 0x00000006c8800000, 0x00000006c8800000|100%|HS|  |TAMS 0x00000006c8400000| PB 0x00000006c8400000| Complete 
|  18|0x00000006c8800000, 0x00000006c8c00000, 0x00000006c8c00000|100%|HC|  |TAMS 0x00000006c8800000| PB 0x00000006c8800000| Complete 
|  19|0x00000006c8c00000, 0x00000006c9000000, 0x00000006c9000000|100%|HC|  |TAMS 0x00000006c8c00000| PB 0x00000006c8c00000| Complete 
|  20|0x00000006c9000000, 0x00000006c9400000, 0x00000006c9400000|100%|HS|  |TAMS 0x00000006c9000000| PB 0x00000006c9000000| Complete 
|  21|0x00000006c9400000, 0x00000006c9800000, 0x00000006c9800000|100%|HC|  |TAMS 0x00000006c9400000| PB 0x00000006c9400000| Complete 
|  22|0x00000006c9800000, 0x00000006c9c00000, 0x00000006c9c00000|100%|HC|  |TAMS 0x00000006c9800000| PB 0x00000006c9800000| Complete 
|  23|0x00000006c9c00000, 0x00000006ca000000, 0x00000006ca000000|100%|HS|  |TAMS 0x00000006c9c00000| PB 0x00000006c9c00000| Complete 
|  24|0x00000006ca000000, 0x00000006ca400000, 0x00000006ca400000|100%|HC|  |TAMS 0x00000006ca000000| PB 0x00000006ca000000| Complete 
|  25|0x00000006ca400000, 0x00000006ca800000, 0x00000006ca800000|100%|HC|  |TAMS 0x00000006ca400000| PB 0x00000006ca400000| Complete 
|  26|0x00000006ca800000, 0x00000006cac00000, 0x00000006cac00000|100%|HS|  |TAMS 0x00000006ca800000| PB 0x00000006ca800000| Complete 
|  27|0x00000006cac00000, 0x00000006cb000000, 0x00000006cb000000|100%|HC|  |TAMS 0x00000006cac00000| PB 0x00000006cac00000| Complete 
|  28|0x00000006cb000000, 0x00000006cb400000, 0x00000006cb400000|100%|HC|  |TAMS 0x00000006cb000000| PB 0x00000006cb000000| Complete 
|  29|0x00000006cb400000, 0x00000006cb800000, 0x00000006cb800000|100%|HS|  |TAMS 0x00000006cb400000| PB 0x00000006cb400000| Complete 
|  30|0x00000006cb800000, 0x00000006cbc00000, 0x00000006cbc00000|100%|HC|  |TAMS 0x00000006cb800000| PB 0x00000006cb800000| Complete 
|  31|0x00000006cbc00000, 0x00000006cc000000, 0x00000006cc000000|100%|HC|  |TAMS 0x00000006cbc00000| PB 0x00000006cbc00000| Complete 
|  32|0x00000006cc000000, 0x00000006cc400000, 0x00000006cc400000|100%|HS|  |TAMS 0x00000006cc000000| PB 0x00000006cc000000| Complete 
|  33|0x00000006cc400000, 0x00000006cc800000, 0x00000006cc800000|100%|HS|  |TAMS 0x00000006cc400000| PB 0x00000006cc400000| Complete 
|  34|0x00000006cc800000, 0x00000006ccc00000, 0x00000006ccc00000|100%|HS|  |TAMS 0x00000006cc800000| PB 0x00000006cc800000| Complete 
|  35|0x00000006ccc00000, 0x00000006cd000000, 0x00000006cd000000|100%|HC|  |TAMS 0x00000006ccc00000| PB 0x00000006ccc00000| Complete 
|  36|0x00000006cd000000, 0x00000006cd400000, 0x00000006cd400000|100%|HC|  |TAMS 0x00000006cd000000| PB 0x00000006cd000000| Complete 
|  37|0x00000006cd400000, 0x00000006cd800000, 0x00000006cd800000|100%|HS|  |TAMS 0x00000006cd400000| PB 0x00000006cd400000| Complete 
|  38|0x00000006cd800000, 0x00000006cdc00000, 0x00000006cdc00000|100%|HC|  |TAMS 0x00000006cd800000| PB 0x00000006cd800000| Complete 
|  39|0x00000006cdc00000, 0x00000006ce000000, 0x00000006ce000000|100%|HC|  |TAMS 0x00000006cdc00000| PB 0x00000006cdc00000| Complete 
|  40|0x00000006ce000000, 0x00000006ce400000, 0x00000006ce400000|100%|HS|  |TAMS 0x00000006ce000000| PB 0x00000006ce000000| Complete 
|  41|0x00000006ce400000, 0x00000006ce800000, 0x00000006ce800000|100%|HC|  |TAMS 0x00000006ce400000| PB 0x00000006ce400000| Complete 
|  42|0x00000006ce800000, 0x00000006cec00000, 0x00000006cec00000|100%|HC|  |TAMS 0x00000006ce800000| PB 0x00000006ce800000| Complete 
|  43|0x00000006cec00000, 0x00000006cf000000, 0x00000006cf000000|100%|HS|  |TAMS 0x00000006cec00000| PB 0x00000006cec00000| Complete 
|  44|0x00000006cf000000, 0x00000006cf400000, 0x00000006cf400000|100%|HC|  |TAMS 0x00000006cf000000| PB 0x00000006cf000000| Complete 
|  45|0x00000006cf400000, 0x00000006cf800000, 0x00000006cf800000|100%|HC|  |TAMS 0x00000006cf400000| PB 0x00000006cf400000| Complete 
|  46|0x00000006cf800000, 0x00000006cfc00000, 0x00000006cfc00000|100%|HS|  |TAMS 0x00000006cf800000| PB 0x00000006cf800000| Complete 
|  47|0x00000006cfc00000, 0x00000006d0000000, 0x00000006d0000000|100%|HS|  |TAMS 0x00000006cfc00000| PB 0x00000006cfc00000| Complete 
|  48|0x00000006d0000000, 0x00000006d0400000, 0x00000006d0400000|100%|HS|  |TAMS 0x00000006d0000000| PB 0x00000006d0000000| Complete 
|  49|0x00000006d0400000, 0x00000006d0800000, 0x00000006d0800000|100%| S|CS|TAMS 0x00000006d0400000| PB 0x00000006d0400000| Complete 
|  50|0x00000006d0800000, 0x00000006d0c00000, 0x00000006d0c00000|100%| S|CS|TAMS 0x00000006d0800000| PB 0x00000006d0800000| Complete 
|  51|0x00000006d0c00000, 0x00000006d1000000, 0x00000006d1000000|100%| S|CS|TAMS 0x00000006d0c00000| PB 0x00000006d0c00000| Complete 
|  52|0x00000006d1000000, 0x00000006d1400000, 0x00000006d1400000|100%| S|CS|TAMS 0x00000006d1000000| PB 0x00000006d1000000| Complete 
|  53|0x00000006d1400000, 0x00000006d1800000, 0x00000006d1800000|100%| S|CS|TAMS 0x00000006d1400000| PB 0x00000006d1400000| Complete 
|  54|0x00000006d1800000, 0x00000006d1c00000, 0x00000006d1c00000|100%| S|CS|TAMS 0x00000006d1800000| PB 0x00000006d1800000| Complete 
|  55|0x00000006d1c00000, 0x00000006d2000000, 0x00000006d2000000|100%|HS|  |TAMS 0x00000006d1c00000| PB 0x00000006d1c00000| Complete 
|  56|0x00000006d2000000, 0x00000006d2400000, 0x00000006d2400000|100%|HS|  |TAMS 0x00000006d2000000| PB 0x00000006d2000000| Complete 
|  57|0x00000006d2400000, 0x00000006d2800000, 0x00000006d2800000|100%|HC|  |TAMS 0x00000006d2400000| PB 0x00000006d2400000| Complete 
|  58|0x00000006d2800000, 0x00000006d2c00000, 0x00000006d2c00000|100%|HC|  |TAMS 0x00000006d2800000| PB 0x00000006d2800000| Complete 
|  59|0x00000006d2c00000, 0x00000006d3000000, 0x00000006d3000000|100%|HS|  |TAMS 0x00000006d2c00000| PB 0x00000006d2c00000| Complete 
|  60|0x00000006d3000000, 0x00000006d3400000, 0x00000006d3400000|100%|HC|  |TAMS 0x00000006d3000000| PB 0x00000006d3000000| Complete 
|  61|0x00000006d3400000, 0x00000006d3800000, 0x00000006d3800000|100%|HC|  |TAMS 0x00000006d3400000| PB 0x00000006d3400000| Complete 
|  62|0x00000006d3800000, 0x00000006d3c00000, 0x00000006d3c00000|100%|HS|  |TAMS 0x00000006d3800000| PB 0x00000006d3800000| Complete 
|  63|0x00000006d3c00000, 0x00000006d4000000, 0x00000006d4000000|100%|HC|  |TAMS 0x00000006d3c00000| PB 0x00000006d3c00000| Complete 
|  64|0x00000006d4000000, 0x00000006d4400000, 0x00000006d4400000|100%|HC|  |TAMS 0x00000006d4000000| PB 0x00000006d4000000| Complete 
|  65|0x00000006d4400000, 0x00000006d4800000, 0x00000006d4800000|100%|HS|  |TAMS 0x00000006d4400000| PB 0x00000006d4400000| Complete 
|  66|0x00000006d4800000, 0x00000006d4c00000, 0x00000006d4c00000|100%|HS|  |TAMS 0x00000006d4800000| PB 0x00000006d4800000| Complete 
|  67|0x00000006d4c00000, 0x00000006d5000000, 0x00000006d5000000|100%|HC|  |TAMS 0x00000006d4c00000| PB 0x00000006d4c00000| Complete 
|  68|0x00000006d5000000, 0x00000006d5400000, 0x00000006d5400000|100%|HC|  |TAMS 0x00000006d5000000| PB 0x00000006d5000000| Complete 
|  69|0x00000006d5400000, 0x00000006d5800000, 0x00000006d5800000|100%|HS|  |TAMS 0x00000006d5400000| PB 0x00000006d5400000| Complete 
|  70|0x00000006d5800000, 0x00000006d5b22a78, 0x00000006d5c00000| 78%| E|  |TAMS 0x00000006d5800000| PB 0x00000006d5800000| Complete 
|  71|0x00000006d5c00000, 0x00000006d6000000, 0x00000006d6000000|100%| E|CS|TAMS 0x00000006d5c00000| PB 0x00000006d5c00000| Complete 
|  72|0x00000006d6000000, 0x00000006d6400000, 0x00000006d6400000|100%| E|  |TAMS 0x00000006d6000000| PB 0x00000006d6000000| Complete 
|  73|0x00000006d6400000, 0x00000006d6800000, 0x00000006d6800000|100%| E|CS|TAMS 0x00000006d6400000| PB 0x00000006d6400000| Complete 
|  74|0x00000006d6800000, 0x00000006d6c00000, 0x00000006d6c00000|100%| E|CS|TAMS 0x00000006d6800000| PB 0x00000006d6800000| Complete 
|  75|0x00000006d6c00000, 0x00000006d7000000, 0x00000006d7000000|100%| E|CS|TAMS 0x00000006d6c00000| PB 0x00000006d6c00000| Complete 
|  76|0x00000006d7000000, 0x00000006d7400000, 0x00000006d7400000|100%|HS|  |TAMS 0x00000006d7000000| PB 0x00000006d7000000| Complete 
|  78|0x00000006d7800000, 0x00000006d7c00000, 0x00000006d7c00000|100%| E|CS|TAMS 0x00000006d7800000| PB 0x00000006d7800000| Complete 

Card table byte_map: [0x0000016f62780000,0x0000016f63160000] _byte_map_base: 0x0000016f5f160000

Marking Bits: (CMBitMap*) 0x0000016f4f140cd0
 Bits: [0x0000016f63160000, 0x0000016f68060000)

Polling page: 0x0000016f4ce60000

Metaspace:

Usage:
  Non-class:     20.33 MB used.
      Class:      3.06 MB used.
       Both:     23.39 MB used.

Virtual space:
  Non-class space:       64.00 MB reserved,      20.56 MB ( 32%) committed,  1 nodes.
      Class space:        1.00 GB reserved,       3.25 MB ( <1%) committed,  1 nodes.
             Both:        1.06 GB reserved,      23.81 MB (  2%) committed. 

Chunk freelists:
   Non-Class:  11.23 MB
       Class:  12.64 MB
        Both:  23.87 MB

MaxMetaspaceSize: unlimited
CompressedClassSpaceSize: 1.00 GB
Initial GC threshold: 21.00 MB
Current GC threshold: 35.12 MB
CDS: on
 - commit_granule_bytes: 65536.
 - commit_granule_words: 8192.
 - virtual_space_node_default_size: 8388608.
 - enlarge_chunks_in_place: 1.
 - use_allocation_guard: 0.


Internal statistics:

num_allocs_failed_limit: 3.
num_arena_births: 486.
num_arena_deaths: 0.
num_vsnodes_births: 2.
num_vsnodes_deaths: 0.
num_space_committed: 381.
num_space_uncommitted: 0.
num_chunks_returned_to_freelist: 3.
num_chunks_taken_from_freelist: 1345.
num_chunk_merges: 3.
num_chunk_splits: 909.
num_chunks_enlarged: 626.
num_inconsistent_stats: 0.

CodeHeap 'non-profiled nmethods': size=120000Kb used=3095Kb max_used=3095Kb free=116905Kb
 bounds [0x0000016f5a540000, 0x0000016f5a850000, 0x0000016f61a70000]
CodeHeap 'profiled nmethods': size=120000Kb used=14191Kb max_used=14191Kb free=105808Kb
 bounds [0x0000016f52a70000, 0x0000016f53850000, 0x0000016f59fa0000]
CodeHeap 'non-nmethods': size=5760Kb used=2138Kb max_used=2167Kb free=3621Kb
 bounds [0x0000016f59fa0000, 0x0000016f5a210000, 0x0000016f5a540000]
CodeCache: size=245760Kb, used=19424Kb, max_used=19453Kb, free=226334Kb
 total_blobs=7136, nmethods=6258, adapters=782, full_count=0
Compilation: enabled, stopped_count=0, restarted_count=0

Compilation events (20 events):
Event: 9.815 Thread 0x0000016f6aab2e80 6178       3       com.sun.javafx.geom.transform.AffineBase::setToIdentity (45 bytes)
Event: 9.815 Thread 0x0000016f6aab16a0 6165       4       com.sun.prism.impl.ps.BaseShaderContext::setTexture (52 bytes)
Event: 9.815 Thread 0x0000016f6aab2e80 nmethod 6178 0x0000016f53810390 code [0x0000016f53810540, 0x0000016f53810770]
Event: 9.815 Thread 0x0000016f6aab2e80 6179       3       java.lang.StringConcatHelper::prepend (30 bytes)
Event: 9.816 Thread 0x0000016f6aab2e80 nmethod 6179 0x0000016f53810810 code [0x0000016f538109e0, 0x0000016f53810bb8]
Event: 9.816 Thread 0x0000016f6aab2e80 6180       3       com.sun.marlin.Renderer::lineTo (41 bytes)
Event: 9.816 Thread 0x0000016f6aab2e80 nmethod 6180 0x0000016f53810c90 code [0x0000016f53810e80, 0x0000016f538110f0]
Event: 9.817 Thread 0x0000016f6aab2e80 6181   !   3       java.util.concurrent.locks.AbstractQueuedSynchronizer::acquire (424 bytes)
Event: 9.820 Thread 0x0000016f6aab2e80 nmethod 6181 0x0000016f53811210 code [0x0000016f538115e0, 0x0000016f53812f78]
Event: 9.820 Thread 0x0000016f6aab2e80 6184       3       com.sun.scenario.effect.impl.state.GaussianRenderState::validateWeights (82 bytes)
Event: 9.821 Thread 0x0000016f6aab2e80 nmethod 6184 0x0000016f53813790 code [0x0000016f53813980, 0x0000016f53813d78]
Event: 9.821 Thread 0x0000016f6aab2e80 6183   !   3       com.sun.scenario.effect.impl.state.GaussianRenderState::validatePassInput (366 bytes)
Event: 9.823 Thread 0x0000016f6aab2e80 nmethod 6183 0x0000016f53813e90 code [0x0000016f53814240, 0x0000016f53815de8]
Event: 9.823 Thread 0x0000016f6aab2e80 6186  s    3       java.lang.StringBuffer::append (13 bytes)
Event: 9.824 Thread 0x0000016f6aab2e80 nmethod 6186 0x0000016f53816690 code [0x0000016f53816840, 0x0000016f53816a80]
Event: 9.824 Thread 0x0000016f6aab2e80 6185   !   3       sun.util.locale.provider.JRELocaleProviderAdapter::getDateFormatSymbolsProvider (51 bytes)
Event: 9.825 Thread 0x0000016f6aab2e80 nmethod 6185 0x0000016f53816b10 code [0x0000016f53816d60, 0x0000016f538178c0]
Event: 9.825 Thread 0x0000016f6aab2e80 6182       1       com.sun.scenario.effect.GaussianShadow::getState (5 bytes)
Event: 9.825 Thread 0x0000016f6aab2e80 nmethod 6182 0x0000016f5a83b590 code [0x0000016f5a83b720, 0x0000016f5a83b7f0]
Event: 9.829 Thread 0x0000016f6aab2e80 6188       3       java.lang.FdLibm::__LO (8 bytes)

GC Heap History (6 events):
Event: 1.605 GC heap before
{Heap before GC invocations=0 (full 0):
 garbage-first heap   total 323584K, used 16384K [0x00000006c4000000, 0x0000000800000000)
  region size 4096K, 5 young (20480K), 0 survivors (0K)
 Metaspace       used 3391K, committed 3520K, reserved 1114112K
  class space    used 345K, committed 384K, reserved 1048576K
}
Event: 1.612 GC heap after
{Heap after GC invocations=1 (full 0):
 garbage-first heap   total 323584K, used 2509K [0x00000006c4000000, 0x0000000800000000)
  region size 4096K, 1 young (4096K), 1 survivors (4096K)
 Metaspace       used 3391K, committed 3520K, reserved 1114112K
  class space    used 345K, committed 384K, reserved 1048576K
}
Event: 3.307 GC heap before
{Heap before GC invocations=1 (full 0):
 garbage-first heap   total 323584K, used 39373K [0x00000006c4000000, 0x0000000800000000)
  region size 4096K, 11 young (45056K), 1 survivors (4096K)
 Metaspace       used 14601K, committed 14976K, reserved 1114112K
  class space    used 1866K, committed 2048K, reserved 1048576K
}
Event: 3.320 GC heap after
{Heap after GC invocations=2 (full 0):
 garbage-first heap   total 323584K, used 8517K [0x00000006c4000000, 0x0000000800000000)
  region size 4096K, 2 young (8192K), 2 survivors (8192K)
 Metaspace       used 14601K, committed 14976K, reserved 1114112K
  class space    used 1866K, committed 2048K, reserved 1048576K
}
Event: 7.706 GC heap before
{Heap before GC invocations=2 (full 0):
 garbage-first heap   total 323584K, used 180549K [0x00000006c4000000, 0x0000000800000000)
  region size 4096K, 24 young (98304K), 2 survivors (8192K)
 Metaspace       used 21144K, committed 21504K, reserved 1114112K
  class space    used 2900K, committed 3072K, reserved 1048576K
}
Event: 7.728 GC heap after
{Heap after GC invocations=3 (full 0):
 garbage-first heap   total 323584K, used 91188K [0x00000006c4000000, 0x0000000800000000)
  region size 4096K, 6 young (24576K), 6 survivors (24576K)
 Metaspace       used 21144K, committed 21504K, reserved 1114112K
  class space    used 2900K, committed 3072K, reserved 1048576K
}

Dll operation events (20 events):
Event: 0.574 Loaded shared library C:\Users\user\.openjfx\cache\21+31\amd64\api-ms-win-crt-multibyte-l1-1-0.dll
Event: 0.578 Loaded shared library C:\Users\user\.openjfx\cache\21+31\amd64\api-ms-win-crt-private-l1-1-0.dll
Event: 0.582 Loaded shared library C:\Users\user\.openjfx\cache\21+31\amd64\api-ms-win-crt-process-l1-1-0.dll
Event: 0.585 Loaded shared library C:\Users\user\.openjfx\cache\21+31\amd64\api-ms-win-crt-runtime-l1-1-0.dll
Event: 0.592 Loaded shared library C:\Users\user\.openjfx\cache\21+31\amd64\api-ms-win-crt-stdio-l1-1-0.dll
Event: 0.597 Loaded shared library C:\Users\user\.openjfx\cache\21+31\amd64\api-ms-win-crt-string-l1-1-0.dll
Event: 0.601 Loaded shared library C:\Users\user\.openjfx\cache\21+31\amd64\api-ms-win-crt-time-l1-1-0.dll
Event: 0.607 Loaded shared library C:\Users\user\.openjfx\cache\21+31\amd64\api-ms-win-crt-utility-l1-1-0.dll
Event: 0.626 Loaded shared library C:\Users\user\.openjfx\cache\21+31\amd64\ucrtbase.dll
Event: 0.632 Loaded shared library C:\Users\user\.openjfx\cache\21+31\amd64\vcruntime140.dll
Event: 0.635 Loaded shared library C:\Users\user\.openjfx\cache\21+31\amd64\vcruntime140_1.dll
Event: 0.646 Loaded shared library C:\Users\user\.openjfx\cache\21+31\amd64\msvcp140.dll
Event: 0.648 Loaded shared library C:\Users\user\.openjfx\cache\21+31\amd64\msvcp140_1.dll
Event: 0.653 Loaded shared library C:\Users\user\.openjfx\cache\21+31\amd64\msvcp140_2.dll
Event: 0.715 Loaded shared library C:\Users\user\.openjfx\cache\21+31\amd64\prism_d3d.dll
Event: 1.498 Loaded shared library C:\Users\user\.openjfx\cache\21+31\amd64\glass.dll
Event: 1.697 Loaded shared library C:\Users\user\.p2\pool\plugins\org.eclipse.justj.openjdk.hotspot.jre.full.win32.x86_64_21.0.8.v20250724-1412\jre\bin\jimage.dll
Event: 2.027 Loaded shared library C:\Users\user\.p2\pool\plugins\org.eclipse.justj.openjdk.hotspot.jre.full.win32.x86_64_21.0.8.v20250724-1412\jre\bin\extnet.dll
Event: 2.413 Loaded shared library C:\Users\user\.openjfx\cache\21+31\amd64\javafx_font.dll
Event: 3.608 Loaded shared library C:\Users\user\.openjfx\cache\21+31\amd64\javafx_iio.dll

Deoptimization events (20 events):
Event: 9.765 Thread 0x0000016f6ae7b7a0 DEOPT PACKING pc=0x0000016f5a835f70 sp=0x0000001996bfb050
Event: 9.765 Thread 0x0000016f6ae7b7a0 DEOPT UNPACKING pc=0x0000016f59ff7da2 sp=0x0000001996bfaf88 mode 2
Event: 9.777 Thread 0x0000016f6ae7b7a0 DEOPT PACKING pc=0x0000016f532972fe sp=0x0000001996bfe9d0
Event: 9.777 Thread 0x0000016f6ae7b7a0 DEOPT UNPACKING pc=0x0000016f59ff88e2 sp=0x0000001996bfde40 mode 0
Event: 9.803 Thread 0x0000016f6ae7b7a0 Uncommon trap: trap_request=0xffffffd6 fr.pc=0x0000016f5a839474 relative=0x00000000000004f4
Event: 9.803 Thread 0x0000016f6ae7b7a0 Uncommon trap: reason=array_check action=maybe_recompile pc=0x0000016f5a839474 method=com.sun.prism.impl.ps.BaseShaderContext.setTexture(ILcom/sun/prism/Texture;)V @ 50 c2
Event: 9.803 Thread 0x0000016f6ae7b7a0 DEOPT PACKING pc=0x0000016f5a839474 sp=0x0000001996bfe600
Event: 9.803 Thread 0x0000016f6ae7b7a0 DEOPT UNPACKING pc=0x0000016f59ff7da2 sp=0x0000001996bfe5d8 mode 2
Event: 9.803 Thread 0x0000016f6ae7b7a0 Uncommon trap: trap_request=0xffffffd6 fr.pc=0x0000016f5a839474 relative=0x00000000000004f4
Event: 9.803 Thread 0x0000016f6ae7b7a0 Uncommon trap: reason=array_check action=maybe_recompile pc=0x0000016f5a839474 method=com.sun.prism.impl.ps.BaseShaderContext.setTexture(ILcom/sun/prism/Texture;)V @ 50 c2
Event: 9.803 Thread 0x0000016f6ae7b7a0 DEOPT PACKING pc=0x0000016f5a839474 sp=0x0000001996bfc140
Event: 9.803 Thread 0x0000016f6ae7b7a0 DEOPT UNPACKING pc=0x0000016f59ff7da2 sp=0x0000001996bfc118 mode 2
Event: 9.803 Thread 0x0000016f6ae7b7a0 Uncommon trap: trap_request=0xffffffd6 fr.pc=0x0000016f5a839474 relative=0x00000000000004f4
Event: 9.803 Thread 0x0000016f6ae7b7a0 Uncommon trap: reason=array_check action=maybe_recompile pc=0x0000016f5a839474 method=com.sun.prism.impl.ps.BaseShaderContext.setTexture(ILcom/sun/prism/Texture;)V @ 50 c2
Event: 9.803 Thread 0x0000016f6ae7b7a0 DEOPT PACKING pc=0x0000016f5a839474 sp=0x0000001996bfc700
Event: 9.803 Thread 0x0000016f6ae7b7a0 DEOPT UNPACKING pc=0x0000016f59ff7da2 sp=0x0000001996bfc6d8 mode 2
Event: 9.804 Thread 0x0000016f6ae7b7a0 Uncommon trap: trap_request=0xffffffd6 fr.pc=0x0000016f5a839474 relative=0x00000000000004f4
Event: 9.804 Thread 0x0000016f6ae7b7a0 Uncommon trap: reason=array_check action=maybe_recompile pc=0x0000016f5a839474 method=com.sun.prism.impl.ps.BaseShaderContext.setTexture(ILcom/sun/prism/Texture;)V @ 50 c2
Event: 9.804 Thread 0x0000016f6ae7b7a0 DEOPT PACKING pc=0x0000016f5a839474 sp=0x0000001996bfb590
Event: 9.804 Thread 0x0000016f6ae7b7a0 DEOPT UNPACKING pc=0x0000016f59ff7da2 sp=0x0000001996bfb568 mode 2

Classes loaded (20 events):
Event: 8.522 Loading class java/lang/FdLibm$Acos
Event: 8.522 Loading class java/lang/FdLibm$Acos done
Event: 8.541 Loading class java/nio/ShortBuffer
Event: 8.541 Loading class java/nio/ShortBuffer done
Event: 8.541 Loading class java/nio/DoubleBuffer
Event: 8.542 Loading class java/nio/DoubleBuffer done
Event: 8.542 Loading class java/nio/DirectFloatBufferU
Event: 8.542 Loading class java/nio/DirectFloatBufferU done
Event: 8.544 Loading class java/lang/FdLibm$Atan2
Event: 8.544 Loading class java/lang/FdLibm$Atan2 done
Event: 8.606 Loading class jdk/internal/ref/CleanerImpl$InnocuousThreadFactory
Event: 8.606 Loading class jdk/internal/ref/CleanerImpl$InnocuousThreadFactory done
Event: 8.610 Loading class sun/misc/Unsafe
Event: 8.610 Loading class sun/misc/Unsafe done
Event: 8.610 Loading class java/lang/invoke/DirectMethodHandle$StaticAccessor
Event: 8.610 Loading class java/lang/invoke/DirectMethodHandle$StaticAccessor done
Event: 9.661 Loading class java/lang/Throwable$WrappedPrintStream
Event: 9.661 Loading class java/lang/Throwable$PrintStreamOrWriter
Event: 9.661 Loading class java/lang/Throwable$PrintStreamOrWriter done
Event: 9.661 Loading class java/lang/Throwable$WrappedPrintStream done

Classes unloaded (0 events):
No events

Classes redefined (0 events):
No events

Internal exceptions (20 events):
Event: 6.993 Thread 0x0000016f6fd6b140 Implicit null exception at 0x0000016f5a74370b to 0x0000016f5a746b34
Event: 7.551 Thread 0x0000016f6fd6b140 Exception <a 'java/lang/ClassNotFoundException'{0x00000006d23430d0}: com/sun/javafx/scene/control/skin/resources/controls> (0x00000006d23430d0) 
thrown [s\src\hotspot\share\prims\jni.cpp, line 539]
Event: 7.552 Thread 0x0000016f6fd6b140 Exception <a 'java/lang/ClassNotFoundException'{0x00000006d2351590}: com/sun/javafx/scene/control/skin/resources/controls_fr> (0x00000006d2351590) 
thrown [s\src\hotspot\share\prims\jni.cpp, line 539]
Event: 7.554 Thread 0x0000016f6fd6b140 Exception <a 'java/lang/ClassNotFoundException'{0x00000006d235f350}: com/sun/javafx/scene/control/skin/resources/controls_fr_FR> (0x00000006d235f350) 
thrown [s\src\hotspot\share\prims\jni.cpp, line 539]
Event: 7.841 Thread 0x0000016f6fd6b140 Exception <a 'java/lang/NoSuchMethodError'{0x00000006d7bb16f0}: 'int java.lang.invoke.DirectMethodHandle$Holder.invokeSpecial(java.lang.Object, java.lang.Object, int)'> (0x00000006d7bb16f0) 
thrown [s\src\hotspot\share\interpreter\linkResolver.cpp, line 773]
Event: 7.873 Thread 0x0000016f6fd6b140 Exception <a 'java/io/FileNotFoundException'{0x00000006d6d2c8c8}> (0x00000006d6d2c8c8) 
thrown [s\src\hotspot\share\prims\jni.cpp, line 520]
Event: 7.874 Thread 0x0000016f6fd6b140 Exception <a 'java/io/FileNotFoundException'{0x00000006d6d2def8}> (0x00000006d6d2def8) 
thrown [s\src\hotspot\share\prims\jni.cpp, line 520]
Event: 7.879 Thread 0x0000016f6fd6b140 Exception <a 'java/io/FileNotFoundException'{0x00000006d6d340e8}> (0x00000006d6d340e8) 
thrown [s\src\hotspot\share\prims\jni.cpp, line 520]
Event: 7.879 Thread 0x0000016f6fd6b140 Exception <a 'java/io/FileNotFoundException'{0x00000006d6d35710}> (0x00000006d6d35710) 
thrown [s\src\hotspot\share\prims\jni.cpp, line 520]
Event: 7.908 Thread 0x0000016f6fd6b140 Exception <a 'java/io/FileNotFoundException'{0x00000006d6f64ec8}> (0x00000006d6f64ec8) 
thrown [s\src\hotspot\share\prims\jni.cpp, line 520]
Event: 7.908 Thread 0x0000016f6fd6b140 Exception <a 'java/io/FileNotFoundException'{0x00000006d6f664f8}> (0x00000006d6f664f8) 
thrown [s\src\hotspot\share\prims\jni.cpp, line 520]
Event: 7.908 Thread 0x0000016f6fd6b140 Exception <a 'java/io/FileNotFoundException'{0x00000006d6f67b40}> (0x00000006d6f67b40) 
thrown [s\src\hotspot\share\prims\jni.cpp, line 520]
Event: 7.909 Thread 0x0000016f6fd6b140 Exception <a 'java/io/FileNotFoundException'{0x00000006d6f69168}> (0x00000006d6f69168) 
thrown [s\src\hotspot\share\prims\jni.cpp, line 520]
Event: 8.319 Thread 0x0000016f6fd6b140 Exception <a 'java/lang/NoSuchMethodError'{0x00000006d6aaf3b8}: 'java.lang.Object java.lang.invoke.DirectMethodHandle$Holder.newInvokeSpecial(java.lang.Object, java.lang.Object, int)'> (0x00000006d6aaf3b8) 
thrown [s\src\hotspot\share\interpreter\linkResolver.cpp, line 773]
Event: 8.362 Thread 0x0000016f6fd6b140 Exception <a 'java/lang/NoSuchMethodError'{0x00000006d6ad3d30}: 'long java.lang.invoke.DirectMethodHandle$Holder.invokeStatic(java.lang.Object, java.lang.Object, java.lang.Object)'> (0x00000006d6ad3d30) 
thrown [s\src\hotspot\share\interpreter\linkResolver.cpp, line 773]
Event: 8.362 Thread 0x0000016f6fd6b140 Exception <a 'java/lang/NoSuchMethodError'{0x00000006d6ad73c0}: 'long java.lang.invoke.DirectMethodHandle$Holder.invokeStaticInit(java.lang.Object, java.lang.Object, java.lang.Object)'> (0x00000006d6ad73c0) 
thrown [s\src\hotspot\share\interpreter\linkResolver.cpp, line 773]
Event: 8.364 Thread 0x0000016f6fd6b140 Exception <a 'java/lang/NoSuchMethodError'{0x00000006d6aebd00}: 'java.lang.Object java.lang.invoke.DirectMethodHandle$Holder.newInvokeSpecial(java.lang.Object, java.lang.Object, long)'> (0x00000006d6aebd00) 
thrown [s\src\hotspot\share\interpreter\linkResolver.cpp, line 773]
Event: 8.365 Thread 0x0000016f6fd6b140 Exception <a 'java/lang/NoSuchMethodError'{0x00000006d6aef618}: 'java.lang.Object java.lang.invoke.Invokers$Holder.linkToTargetMethod(java.lang.Object, long, java.lang.Object)'> (0x00000006d6aef618) 
thrown [s\src\hotspot\share\interpreter\linkResolver.cpp, line 773]
Event: 8.508 Thread 0x0000016f6ae7b7a0 Exception <a 'java/lang/NoSuchMethodError'{0x00000006d6620680}: 'int java.lang.invoke.DirectMethodHandle$Holder.invokeStaticInit(java.lang.Object, java.lang.Object)'> (0x00000006d6620680) 
thrown [s\src\hotspot\share\interpreter\linkResolver.cpp, line 773]
Event: 8.553 Thread 0x0000016f6ae7b7a0 Exception <a 'java/lang/NoSuchMethodError'{0x00000006d67c6bb8}: 'java.lang.Object java.lang.invoke.DirectMethodHandle$Holder.invokeStaticInit(java.lang.Object, int)'> (0x00000006d67c6bb8) 
thrown [s\src\hotspot\share\interpreter\linkResolver.cpp, line 773]

ZGC Phase Switch (0 events):
No events

VM Operations (20 events):
Event: 7.528 Executing VM operation: HandshakeAllThreads (Deoptimize)
Event: 7.528 Executing VM operation: HandshakeAllThreads (Deoptimize) done
Event: 7.610 Executing VM operation: HandshakeAllThreads (Deoptimize)
Event: 7.610 Executing VM operation: HandshakeAllThreads (Deoptimize) done
Event: 7.613 Executing VM operation: HandshakeAllThreads (Deoptimize)
Event: 7.614 Executing VM operation: HandshakeAllThreads (Deoptimize) done
Event: 7.706 Executing VM operation: CollectForMetadataAllocation (Metadata GC Threshold)
Event: 7.728 Executing VM operation: CollectForMetadataAllocation (Metadata GC Threshold) done
Event: 7.748 Executing VM operation: G1PauseRemark
Event: 7.752 Executing VM operation: G1PauseRemark done
Event: 7.754 Executing VM operation: G1PauseCleanup
Event: 7.754 Executing VM operation: G1PauseCleanup done
Event: 8.264 Executing VM operation: ICBufferFull
Event: 8.265 Executing VM operation: ICBufferFull done
Event: 8.453 Executing VM operation: ICBufferFull
Event: 8.453 Executing VM operation: ICBufferFull done
Event: 8.891 Executing VM operation: ICBufferFull
Event: 8.891 Executing VM operation: ICBufferFull done
Event: 9.817 Executing VM operation: ICBufferFull
Event: 9.818 Executing VM operation: ICBufferFull done

Memory protections (0 events):
No events

Nmethod flushes (0 events):
No events

Events (20 events):
Event: 3.999 Thread 0x0000016f70692420 Thread exited: 0x0000016f70692420
Event: 4.117 Thread 0x0000016f6fd6b140 Thread added: 0x0000016f706bfa80
Event: 4.344 Thread 0x0000016f6fd6b140 Thread added: 0x0000016f7092b910
Event: 4.377 Thread 0x0000016f6fd6b140 Thread added: 0x0000016f75f2ace0
Event: 4.413 Thread 0x0000016f6fd6b140 Thread added: 0x0000016f75f2d440
Event: 4.422 Thread 0x0000016f6aab2e80 Thread added: 0x0000016f70802880
Event: 4.452 Thread 0x0000016f6fd6b140 Thread added: 0x0000016f75f2b370
Event: 5.623 Thread 0x0000016f75f2b370 Thread exited: 0x0000016f75f2b370
Event: 5.626 Thread 0x0000016f7092b910 Thread exited: 0x0000016f7092b910
Event: 5.801 Thread 0x0000016f75f2ace0 Thread exited: 0x0000016f75f2ace0
Event: 5.812 Thread 0x0000016f75f2d440 Thread exited: 0x0000016f75f2d440
Event: 8.606 Thread 0x0000016f6ae7b7a0 Thread added: 0x0000016f75f2ba00
Event: 8.638 Thread 0x0000016f70802880 Thread exited: 0x0000016f70802880
Event: 8.913 Thread 0x0000016f70277810 Thread exited: 0x0000016f70277810
Event: 8.914 Thread 0x0000016f6fd6b140 Thread added: 0x0000016f75f2a650
Event: 8.915 Thread 0x0000016f6fd6b140 Thread added: 0x0000016f75f2d440
Event: 8.919 Thread 0x0000016f6fd6b140 Thread added: 0x0000016f75f2ace0
Event: 8.919 Thread 0x0000016f6fd6b140 Thread added: 0x0000016f75f2c720
Event: 9.607 Thread 0x0000016f6aab2e80 Thread added: 0x0000016f7047c3b0
Event: 9.781 Thread 0x0000016f6fd6b140 Thread added: 0x0000016f75f2cdb0


Dynamic libraries:
0x00007ff7e09f0000 - 0x00007ff7e09fe000 	C:\Users\user\.p2\pool\plugins\org.eclipse.justj.openjdk.hotspot.jre.full.win32.x86_64_21.0.8.v20250724-1412\jre\bin\java.exe
0x00007ff830060000 - 0x00007ff8302c7000 	C:\WINDOWS\SYSTEM32\ntdll.dll
0x00007ff82f4c0000 - 0x00007ff82f589000 	C:\WINDOWS\System32\KERNEL32.DLL
0x00007ff82cda0000 - 0x00007ff82d191000 	C:\WINDOWS\System32\KERNELBASE.dll
0x00007ff82d320000 - 0x00007ff82d46b000 	C:\WINDOWS\System32\ucrtbase.dll
0x00007ffff1310000 - 0x00007ffff132e000 	C:\Users\user\.p2\pool\plugins\org.eclipse.justj.openjdk.hotspot.jre.full.win32.x86_64_21.0.8.v20250724-1412\jre\bin\VCRUNTIME140.dll
0x00007ffff12f0000 - 0x00007ffff1308000 	C:\Users\user\.p2\pool\plugins\org.eclipse.justj.openjdk.hotspot.jre.full.win32.x86_64_21.0.8.v20250724-1412\jre\bin\jli.dll
0x00007ff82f2f0000 - 0x00007ff82f4b5000 	C:\WINDOWS\System32\USER32.dll
0x00007ff80f3d0000 - 0x00007ff80f663000 	C:\WINDOWS\WinSxS\amd64_microsoft.windows.common-controls_6595b64144ccf1df_6.0.26100.8037_none_3e092faae333b53b\COMCTL32.dll
0x00007ff82d470000 - 0x00007ff82d497000 	C:\WINDOWS\System32\win32u.dll
0x00007ff82fa30000 - 0x00007ff82fad9000 	C:\WINDOWS\System32\msvcrt.dll
0x00007ff82f1b0000 - 0x00007ff82f1db000 	C:\WINDOWS\System32\GDI32.dll
0x00007ff82cbe0000 - 0x00007ff82cd0b000 	C:\WINDOWS\System32\gdi32full.dll
0x00007ff82cb30000 - 0x00007ff82cbd3000 	C:\WINDOWS\System32\msvcp_win.dll
0x00007ff82f790000 - 0x00007ff82f7c1000 	C:\WINDOWS\System32\IMM32.DLL
0x00007ff801b90000 - 0x00007ff801b9c000 	C:\Users\user\.p2\pool\plugins\org.eclipse.justj.openjdk.hotspot.jre.full.win32.x86_64_21.0.8.v20250724-1412\jre\bin\vcruntime140_1.dll
0x00007fffd0e30000 - 0x00007fffd0ebd000 	C:\Users\user\.p2\pool\plugins\org.eclipse.justj.openjdk.hotspot.jre.full.win32.x86_64_21.0.8.v20250724-1412\jre\bin\msvcp140.dll
0x00007fffd3ef0000 - 0x00007fffd4c87000 	C:\Users\user\.p2\pool\plugins\org.eclipse.justj.openjdk.hotspot.jre.full.win32.x86_64_21.0.8.v20250724-1412\jre\bin\server\jvm.dll
0x00007ff82de90000 - 0x00007ff82df4b000 	C:\WINDOWS\System32\ADVAPI32.dll
0x00007ff82f1e0000 - 0x00007ff82f287000 	C:\WINDOWS\System32\sechost.dll
0x00007ff82e270000 - 0x00007ff82e388000 	C:\WINDOWS\System32\RPCRT4.dll
0x00007ff82f7d0000 - 0x00007ff82f844000 	C:\WINDOWS\System32\WS2_32.dll
0x00007ff82c770000 - 0x00007ff82c7ce000 	C:\WINDOWS\SYSTEM32\POWRPROF.dll
0x00007ff81d1e0000 - 0x00007ff81d1eb000 	C:\WINDOWS\SYSTEM32\VERSION.dll
0x00007ff8248e0000 - 0x00007ff824915000 	C:\WINDOWS\SYSTEM32\WINMM.dll
0x00007ff82c750000 - 0x00007ff82c764000 	C:\WINDOWS\SYSTEM32\UMPDC.dll
0x00007ff82b6a0000 - 0x00007ff82b6bb000 	C:\WINDOWS\SYSTEM32\kernel.appcore.dll
0x00007ff80fe20000 - 0x00007ff80fe2a000 	C:\Users\user\.p2\pool\plugins\org.eclipse.justj.openjdk.hotspot.jre.full.win32.x86_64_21.0.8.v20250724-1412\jre\bin\jimage.dll
0x00007ff82a7c0000 - 0x00007ff82aa02000 	C:\WINDOWS\SYSTEM32\DBGHELP.DLL
0x00007ff82eb10000 - 0x00007ff82ee92000 	C:\WINDOWS\System32\combase.dll
0x00007ff82f680000 - 0x00007ff82f757000 	C:\WINDOWS\System32\OLEAUT32.dll
0x00007ff807790000 - 0x00007ff8077cb000 	C:\WINDOWS\SYSTEM32\dbgcore.DLL
0x00007ff82c910000 - 0x00007ff82c9b5000 	C:\WINDOWS\System32\bcryptPrimitives.dll
0x00007ffffa720000 - 0x00007ffffa73f000 	C:\Users\user\.p2\pool\plugins\org.eclipse.justj.openjdk.hotspot.jre.full.win32.x86_64_21.0.8.v20250724-1412\jre\bin\java.dll
0x00007ff82e3a0000 - 0x00007ff82eaff000 	C:\WINDOWS\System32\SHELL32.dll
0x00007ff82c9c0000 - 0x00007ff82cb2a000 	C:\WINDOWS\System32\wintypes.dll
0x00007ff82d560000 - 0x00007ff82ddc4000 	C:\WINDOWS\System32\windows.storage.dll
0x00007ff82f000000 - 0x00007ff82f0f7000 	C:\WINDOWS\System32\SHCORE.dll
0x00007ff82f610000 - 0x00007ff82f677000 	C:\WINDOWS\System32\shlwapi.dll
0x00007ff82c830000 - 0x00007ff82c859000 	C:\WINDOWS\SYSTEM32\profapi.dll
0x00007ff806b20000 - 0x00007ff806b30000 	C:\Users\user\.p2\pool\plugins\org.eclipse.justj.openjdk.hotspot.jre.full.win32.x86_64_21.0.8.v20250724-1412\jre\bin\net.dll
0x00007ff826be0000 - 0x00007ff826d07000 	C:\WINDOWS\SYSTEM32\WINHTTP.dll
0x00007ff82bc10000 - 0x00007ff82bc7b000 	C:\WINDOWS\system32\mswsock.dll
0x00007ffff6fc0000 - 0x00007ffff6fd6000 	C:\Users\user\.p2\pool\plugins\org.eclipse.justj.openjdk.hotspot.jre.full.win32.x86_64_21.0.8.v20250724-1412\jre\bin\nio.dll
0x00007ffff9a50000 - 0x00007ffff9a68000 	C:\Users\user\.p2\pool\plugins\org.eclipse.justj.openjdk.hotspot.jre.full.win32.x86_64_21.0.8.v20250724-1412\jre\bin\zip.dll
0x0000016f4cea0000 - 0x0000016f4cea3000 	C:\Users\user\.openjfx\cache\21+31\amd64\api-ms-win-core-console-l1-1-0.dll
0x0000016f4ceb0000 - 0x0000016f4ceb3000 	C:\Users\user\.openjfx\cache\21+31\amd64\api-ms-win-core-console-l1-2-0.dll
0x0000016f4cf30000 - 0x0000016f4cf33000 	C:\Users\user\.openjfx\cache\21+31\amd64\api-ms-win-core-datetime-l1-1-0.dll
0x0000016f4cf40000 - 0x0000016f4cf43000 	C:\Users\user\.openjfx\cache\21+31\amd64\api-ms-win-core-debug-l1-1-0.dll
0x0000016f4cf50000 - 0x0000016f4cf53000 	C:\Users\user\.openjfx\cache\21+31\amd64\api-ms-win-core-errorhandling-l1-1-0.dll
0x0000016f4cf60000 - 0x0000016f4cf64000 	C:\Users\user\.openjfx\cache\21+31\amd64\api-ms-win-core-file-l1-1-0.dll
0x0000016f4cf70000 - 0x0000016f4cf73000 	C:\Users\user\.openjfx\cache\21+31\amd64\api-ms-win-core-file-l1-2-0.dll
0x0000016f4cf80000 - 0x0000016f4cf83000 	C:\Users\user\.openjfx\cache\21+31\amd64\api-ms-win-core-file-l2-1-0.dll
0x0000016f4cf90000 - 0x0000016f4cf93000 	C:\Users\user\.openjfx\cache\21+31\amd64\api-ms-win-core-handle-l1-1-0.dll
0x0000016f4efc0000 - 0x0000016f4efc3000 	C:\Users\user\.openjfx\cache\21+31\amd64\api-ms-win-core-heap-l1-1-0.dll
0x0000016f4efd0000 - 0x0000016f4efd3000 	C:\Users\user\.openjfx\cache\21+31\amd64\api-ms-win-core-interlocked-l1-1-0.dll
0x0000016f4efe0000 - 0x0000016f4efe3000 	C:\Users\user\.openjfx\cache\21+31\amd64\api-ms-win-core-libraryloader-l1-1-0.dll
0x0000016f4eff0000 - 0x0000016f4eff3000 	C:\Users\user\.openjfx\cache\21+31\amd64\api-ms-win-core-localization-l1-2-0.dll
0x0000016f4f000000 - 0x0000016f4f003000 	C:\Users\user\.openjfx\cache\21+31\amd64\api-ms-win-core-memory-l1-1-0.dll
0x0000016f4f010000 - 0x0000016f4f013000 	C:\Users\user\.openjfx\cache\21+31\amd64\api-ms-win-core-namedpipe-l1-1-0.dll
0x0000016f4f020000 - 0x0000016f4f023000 	C:\Users\user\.openjfx\cache\21+31\amd64\api-ms-win-core-processenvironment-l1-1-0.dll
0x0000016f4f030000 - 0x0000016f4f033000 	C:\Users\user\.openjfx\cache\21+31\amd64\api-ms-win-core-processthreads-l1-1-0.dll
0x0000016f4f040000 - 0x0000016f4f043000 	C:\Users\user\.openjfx\cache\21+31\amd64\api-ms-win-core-processthreads-l1-1-1.dll
0x0000016f4f050000 - 0x0000016f4f053000 	C:\Users\user\.openjfx\cache\21+31\amd64\api-ms-win-core-profile-l1-1-0.dll
0x0000016f4f060000 - 0x0000016f4f063000 	C:\Users\user\.openjfx\cache\21+31\amd64\api-ms-win-core-rtlsupport-l1-1-0.dll
0x0000016f4f070000 - 0x0000016f4f073000 	C:\Users\user\.openjfx\cache\21+31\amd64\api-ms-win-core-string-l1-1-0.dll
0x0000016f4f080000 - 0x0000016f4f083000 	C:\Users\user\.openjfx\cache\21+31\amd64\api-ms-win-core-synch-l1-1-0.dll
0x0000016f6aef0000 - 0x0000016f6aef3000 	C:\Users\user\.openjfx\cache\21+31\amd64\api-ms-win-core-synch-l1-2-0.dll
0x0000016f6af00000 - 0x0000016f6af03000 	C:\Users\user\.openjfx\cache\21+31\amd64\api-ms-win-core-sysinfo-l1-1-0.dll
0x0000016f6af10000 - 0x0000016f6af13000 	C:\Users\user\.openjfx\cache\21+31\amd64\api-ms-win-core-timezone-l1-1-0.dll
0x0000016f6af20000 - 0x0000016f6af23000 	C:\Users\user\.openjfx\cache\21+31\amd64\api-ms-win-core-util-l1-1-0.dll
0x0000016f6af30000 - 0x0000016f6af33000 	C:\Users\user\.openjfx\cache\21+31\amd64\api-ms-win-crt-conio-l1-1-0.dll
0x0000016f6af40000 - 0x0000016f6af44000 	C:\Users\user\.openjfx\cache\21+31\amd64\api-ms-win-crt-convert-l1-1-0.dll
0x0000016f6af50000 - 0x0000016f6af53000 	C:\Users\user\.openjfx\cache\21+31\amd64\api-ms-win-crt-environment-l1-1-0.dll
0x0000016f6af60000 - 0x0000016f6af63000 	C:\Users\user\.openjfx\cache\21+31\amd64\api-ms-win-crt-filesystem-l1-1-0.dll
0x0000016f6af70000 - 0x0000016f6af73000 	C:\Users\user\.openjfx\cache\21+31\amd64\api-ms-win-crt-heap-l1-1-0.dll
0x0000016f6af80000 - 0x0000016f6af83000 	C:\Users\user\.openjfx\cache\21+31\amd64\api-ms-win-crt-locale-l1-1-0.dll
0x0000016f6af90000 - 0x0000016f6af95000 	C:\Users\user\.openjfx\cache\21+31\amd64\api-ms-win-crt-math-l1-1-0.dll
0x0000016f6afa0000 - 0x0000016f6afa5000 	C:\Users\user\.openjfx\cache\21+31\amd64\api-ms-win-crt-multibyte-l1-1-0.dll
0x0000016f6afb0000 - 0x0000016f6afc0000 	C:\Users\user\.openjfx\cache\21+31\amd64\api-ms-win-crt-private-l1-1-0.dll
0x0000016f6afc0000 - 0x0000016f6afc3000 	C:\Users\user\.openjfx\cache\21+31\amd64\api-ms-win-crt-process-l1-1-0.dll
0x0000016f6afd0000 - 0x0000016f6afd4000 	C:\Users\user\.openjfx\cache\21+31\amd64\api-ms-win-crt-runtime-l1-1-0.dll
0x0000016f6afe0000 - 0x0000016f6afe4000 	C:\Users\user\.openjfx\cache\21+31\amd64\api-ms-win-crt-stdio-l1-1-0.dll
0x0000016f6aff0000 - 0x0000016f6aff4000 	C:\Users\user\.openjfx\cache\21+31\amd64\api-ms-win-crt-string-l1-1-0.dll
0x0000016f6f800000 - 0x0000016f6f803000 	C:\Users\user\.openjfx\cache\21+31\amd64\api-ms-win-crt-time-l1-1-0.dll
0x0000016f6f810000 - 0x0000016f6f813000 	C:\Users\user\.openjfx\cache\21+31\amd64\api-ms-win-crt-utility-l1-1-0.dll
0x00007ff8035f0000 - 0x00007ff8036ec000 	C:\Users\user\.openjfx\cache\21+31\amd64\ucrtbase.dll
0x00007ff8037b0000 - 0x00007ff8037cb000 	C:\Users\user\.openjfx\cache\21+31\amd64\vcruntime140.dll
0x00007ff827c00000 - 0x00007ff827c0c000 	C:\Users\user\.openjfx\cache\21+31\amd64\vcruntime140_1.dll
0x00007ff8034b0000 - 0x00007ff80353e000 	C:\Users\user\.openjfx\cache\21+31\amd64\msvcp140.dll
0x00007ff82df80000 - 0x00007ff82e115000 	C:\WINDOWS\System32\ole32.dll
0x00007ff81ea30000 - 0x00007ff81ea39000 	C:\Users\user\.openjfx\cache\21+31\amd64\msvcp140_1.dll
0x00007ff803780000 - 0x00007ff8037af000 	C:\Users\user\.openjfx\cache\21+31\amd64\msvcp140_2.dll
0x00007ff803750000 - 0x00007ff80377f000 	C:\Users\user\.openjfx\cache\21+31\amd64\prism_d3d.dll
0x00007fffcd880000 - 0x00007fffcda32000 	C:\WINDOWS\system32\d3d9.dll
0x00007ff82a200000 - 0x00007ff82a22e000 	C:\WINDOWS\SYSTEM32\dwmapi.dll
0x00007ff82a020000 - 0x00007ff82a063000 	C:\WINDOWS\SYSTEM32\dxcore.dll
0x00007ff829f20000 - 0x00007ff829fca000 	C:\WINDOWS\system32\uxtheme.dll
0x00007fffcd5e0000 - 0x00007fffcd87f000 	C:\WINDOWS\System32\DriverStore\FileRepository\iigd_dch.inf_amd64_54754d77b2c2ee59\igdumdim64.dll
0x00007fffbe500000 - 0x00007fffbfc6b000 	C:\WINDOWS\System32\DriverStore\FileRepository\iigd_dch.inf_amd64_54754d77b2c2ee59\igd9dxva64.dll
0x00007ff82fb60000 - 0x00007ff82ffe7000 	C:\WINDOWS\System32\SETUPAPI.dll
0x00007ff82c480000 - 0x00007ff82c4d7000 	C:\WINDOWS\SYSTEM32\cfgmgr32.dll
0x00007ff8142f0000 - 0x00007ff8163c3000 	C:\WINDOWS\System32\DriverStore\FileRepository\iigd_dch.inf_amd64_54754d77b2c2ee59\media_bin_64.dll
0x00007ff8240b0000 - 0x00007ff82465b000 	C:\WINDOWS\System32\DriverStore\FileRepository\iigd_dch.inf_amd64_54754d77b2c2ee59\igdgmm64.dll
0x00007ff827020000 - 0x00007ff827080000 	C:\WINDOWS\SYSTEM32\directxdatabasehelper.dll
0x00007ff8035a0000 - 0x00007ff8035e2000 	C:\Users\user\.openjfx\cache\21+31\amd64\glass.dll
0x00007ff82e170000 - 0x00007ff82e25e000 	C:\WINDOWS\System32\COMDLG32.dll
0x00007ff82eea0000 - 0x00007ff82effd000 	C:\WINDOWS\System32\MSCTF.dll
0x00007ff829cd0000 - 0x00007ff829cf8000 	C:\WINDOWS\System32\DriverStore\FileRepository\iigd_dch.inf_amd64_54754d77b2c2ee59\igdinfo64.dll
0x00007ff81edf0000 - 0x00007ff8240a4000 	C:\WINDOWS\System32\DriverStore\FileRepository\iigd_dch.inf_amd64_54754d77b2c2ee59\igc64.dll
0x00007ff82b1a0000 - 0x00007ff82b2ca000 	C:\WINDOWS\SYSTEM32\DNSAPI.dll
0x00007ff82b160000 - 0x00007ff82b193000 	C:\WINDOWS\SYSTEM32\IPHLPAPI.DLL
0x00007ff82f780000 - 0x00007ff82f78a000 	C:\WINDOWS\System32\NSI.dll
0x00007ff81d220000 - 0x00007ff81d22b000 	C:\Windows\System32\rasadhlp.dll
0x00007ff827090000 - 0x00007ff827116000 	C:\WINDOWS\System32\fwpuclnt.dll
0x00007ffff9520000 - 0x00007ffff9529000 	C:\Users\user\.p2\pool\plugins\org.eclipse.justj.openjdk.hotspot.jre.full.win32.x86_64_21.0.8.v20250724-1412\jre\bin\extnet.dll
0x00007ff803490000 - 0x00007ff8034a4000 	C:\Users\user\.openjfx\cache\21+31\amd64\javafx_font.dll
0x00007ff828dd0000 - 0x00007ff829037000 	C:\WINDOWS\SYSTEM32\dwrite.dll
0x00007ffff72d0000 - 0x00007ffff72fd000 	C:\Users\user\.openjfx\cache\21+31\amd64\javafx_iio.dll
0x00007ff82ddd0000 - 0x00007ff82de7e000 	C:\WINDOWS\System32\clbcatq.dll
0x00007ff828560000 - 0x00007ff82878d000 	C:\WINDOWS\SYSTEM32\WindowsCodecs.dll
0x00007ff804680000 - 0x00007ff8046da000 	C:\WINDOWS\system32\dataexchange.dll
0x00007ff81c4e0000 - 0x00007ff81c724000 	C:\WINDOWS\system32\twinapi.appcore.dll
0x00007fffe7920000 - 0x00007fffe794c000 	C:\Program Files\Common Files\Microsoft Shared\Ink\rtscom.dll
0x00007ff8109e0000 - 0x00007ff810b28000 	C:\WINDOWS\SYSTEM32\textinputframework.dll
0x00007ff829920000 - 0x00007ff829a47000 	C:\WINDOWS\SYSTEM32\CoreMessaging.dll
0x00007ff8261d0000 - 0x00007ff8264b2000 	C:\WINDOWS\SYSTEM32\CoreUIComponents.dll
0x00007ff82bf10000 - 0x00007ff82bf1c000 	C:\WINDOWS\SYSTEM32\CRYPTBASE.DLL

JVMTI agents: none

dbghelp: loaded successfully - version: 4.0.5 - missing functions: none
symbol engine: initialized successfully - sym options: 0x614 - pdb path: .;C:\Users\user\.p2\pool\plugins\org.eclipse.justj.openjdk.hotspot.jre.full.win32.x86_64_21.0.8.v20250724-1412\jre\bin;C:\WINDOWS\SYSTEM32;C:\WINDOWS\WinSxS\amd64_microsoft.windows.common-controls_6595b64144ccf1df_6.0.26100.8037_none_3e092faae333b53b;C:\Users\user\.p2\pool\plugins\org.eclipse.justj.openjdk.hotspot.jre.full.win32.x86_64_21.0.8.v20250724-1412\jre\bin\server;C:\Users\user\.openjfx\cache\21+31\amd64;C:\WINDOWS\System32\DriverStore\FileRepository\iigd_dch.inf_amd64_54754d77b2c2ee59;C:\Program Files\Common Files\Microsoft Shared\Ink

VM Arguments:
jvm_args: --add-opens=java.base/java.lang.reflect=ALL-UNNAMED --module-path=C:\Users\user\.m2\repository\org\openjfx\javafx-base\21\javafx-base-21-win.jar;C:\Users\user\.m2\repository\org\openjfx\javafx-base\21\javafx-base-21.jar;C:\Users\user\.m2\repository\org\openjfx\javafx-controls\21\javafx-controls-21-win.jar;C:\Users\user\.m2\repository\org\openjfx\javafx-controls\21\javafx-controls-21.jar;C:\Users\user\.m2\repository\org\openjfx\javafx-fxml\21\javafx-fxml-21-win.jar;C:\Users\user\.m2\repository\org\openjfx\javafx-fxml\21\javafx-fxml-21.jar;C:\Users\user\.m2\repository\org\openjfx\javafx-graphics\21\javafx-graphics-21-win.jar;C:\Users\user\.m2\repository\org\openjfx\javafx-graphics\21\javafx-graphics-21.jar;C:\Users\user\.m2\repository\org\openjfx\javafx-media\21\javafx-media-21-win.jar;C:\Users\user\.m2\repository\org\openjfx\javafx-media\21\javafx-media-21.jar;C:\Users\user\.m2\repository\org\openjfx\javafx-web\21\javafx-web-21-win.jar;C:\Users\user\.m2\repository\org\openjfx\javafx-web\21\javafx-web-21.jar --add-modules=javafx.base,javafx.controls,javafx.fxml,javafx.graphics,javafx.media,javafx.web 
java_command: JStream.application
java_class_path (initial): C:\Users\user\git\ProjectS2\JStream\target\classes;C:\Users\user\.m2\repository\com\google\protobuf\protobuf-java\4.31.1\protobuf-java-4.31.1.jar;C:\Users\user\.m2\repository\com\jfoenix\jfoenix\9.0.10\jfoenix-9.0.10.jar;C:\Users\user\.m2\repository\com\mysql\mysql-connector-j\9.6.0\mysql-connector-j-9.6.0.jar;C:\Users\user\.m2\repository\com\sun\activation\jakarta.activation\2.0.1\jakarta.activation-2.0.1.jar;C:\Users\user\.m2\repository\com\sun\mail\jakarta.mail\2.0.1\jakarta.mail-2.0.1.jar;C:\Users\user\.m2\repository\de\jensd\fontawesomefx\8.9\fontawesomefx-8.9.jar;C:\Users\user\.m2\repository\de\jensd\fontawesomefx-commons\9.1.2\fontawesomefx-commons-9.1.2.jar;C:\Users\user\.m2\repository\de\jensd\fontawesomefx-controls\9.1.2\fontawesomefx-controls-9.1.2.jar;C:\Users\user\.m2\repository\io\github\palexdev\materialfx-all\11.25.0\materialfx-all-11.25.0.jar;C:\Users\user\.m2\repository\io\github\palexdev\mfxcomponents\11.25.0\mfxcomponents-11.25.0.jar;C:\Users\user\.m2\repository\io\github\palexdev\mfxcore\11.10.0\mfxcore-11.10.0.jar;C:\Users\user\.m2\repository\io\github\palexdev\mfxeffects\11.4.0\mfxeffects-11.4.0.jar;C:\Users\user\.m2\repository\io\github\palexdev\mfxlocalization\11.1.0\mfxlocalization-11.1.0.jar;C:\Users\user\.m2\repository\io\github\palexdev\mfxresources\11.10.0\mfxresources-11.10.0.jar;C:\Users\user\.m2\repository\io\github\palexdev\virtualizedfx\11.9.6\virtualizedfx-11.9.6.jar;C:\Users\user\.m2\repository\org\controlsfx\controlsfx\11.1.1\controlsfx-11.1.1.jar;C:\Users\user\.m2\repository\org\mindrot\jbcrypt\0.4\jbcrypt-0.4.jar
Launcher Type: SUN_STANDARD

[Global flags]
     intx CICompilerCount                          = 4                                         {product} {ergonomic}
     uint ConcGCThreads                            = 2                                         {product} {ergonomic}
     uint G1ConcRefinementThreads                  = 8                                         {product} {ergonomic}
   size_t G1HeapRegionSize                         = 4194304                                   {product} {ergonomic}
    uintx GCDrainStackTargetSize                   = 64                                        {product} {ergonomic}
   size_t InitialHeapSize                          = 331350016                                 {product} {ergonomic}
   size_t MarkStackSize                            = 4194304                                   {product} {ergonomic}
   size_t MaxHeapSize                              = 5301600256                                {product} {ergonomic}
   size_t MaxNewSize                               = 3179282432                                {product} {ergonomic}
   size_t MinHeapDeltaBytes                        = 4194304                                   {product} {ergonomic}
   size_t MinHeapSize                              = 8388608                                   {product} {ergonomic}
    uintx NonNMethodCodeHeapSize                   = 5839372                                {pd product} {ergonomic}
    uintx NonProfiledCodeHeapSize                  = 122909434                              {pd product} {ergonomic}
    uintx ProfiledCodeHeapSize                     = 122909434                              {pd product} {ergonomic}
    uintx ReservedCodeCacheSize                    = 251658240                              {pd product} {ergonomic}
     bool SegmentedCodeCache                       = true                                      {product} {ergonomic}
   size_t SoftMaxHeapSize                          = 5301600256                             {manageable} {ergonomic}
     bool UseCompressedOops                        = true                           {product lp64_product} {ergonomic}
     bool UseG1GC                                  = true                                      {product} {ergonomic}
     bool UseLargePagesIndividualAllocation        = false                                  {pd product} {ergonomic}

Logging:
Log output configuration:
 #0: stdout all=warning uptime,level,tags foldmultilines=false
 #1: stderr all=off uptime,level,tags foldmultilines=false

Environment Variables:
PATH=C:/Users/user/.p2/pool/plugins/org.eclipse.justj.openjdk.hotspot.jre.full.win32.x86_64_21.0.8.v20250724-1412/jre/bin/server;C:/Users/user/.p2/pool/plugins/org.eclipse.justj.openjdk.hotspot.jre.full.win32.x86_64_21.0.8.v20250724-1412/jre/bin;C:\Program Files\Common Files\Oracle\Java\javapath;C:\Program Files (x86)\EasyPHP-DevServer-14.1VC9\binaries\php\php_runningversion;C:\PySchool\3.10-32-bit\Scripts;C:\PySchool\3.10-32-bit;C:\WINDOWS\system32;C:\WINDOWS;C:\WINDOWS\System32\Wbem;C:\WINDOWS\System32\WindowsPowerShell\v1.0\;C:\WINDOWS\System32\OpenSSH\;C:\Program Files (x86)\Windows Kits\10\Windows Performance Toolkit\;C:\Program Files\dotnet\;C:\Users\user\AppData\Local\Programs\Python\Python313\Scripts\;C:\Users\user\AppData\Local\Programs\Python\Python313\;C:\Users\user\AppData\Local\Microsoft\WindowsApps;;C:\Users\user\AppData\Local\Programs\Microsoft VS Code\bin;C:\Program Files\JetBrains\PyCharm 2024.1.4\bin;;C:\Users\user\OneDrive\Desktop;
USERNAME=user
OS=Windows_NT
PROCESSOR_IDENTIFIER=Intel64 Family 6 Model 140 Stepping 1, GenuineIntel
TMP=C:\Users\user\AppData\Local\Temp
TEMP=C:\Users\user\AppData\Local\Temp




Periodic native trim disabled

---------------  S Y S T E M  ---------------

OS:
 Windows 11 , 64 bit Build 26100 (10.0.26100.7920)
OS uptime: 3 days 9:04 hours

CPU: total 8 (initial active 8) (4 cores per cpu, 2 threads per core) family 6 model 140 stepping 1 microcode 0xbe, cx8, cmov, fxsr, ht, mmx, 3dnowpref, sse, sse2, sse3, ssse3, sse4.1, sse4.2, popcnt, lzcnt, tsc, tscinvbit, avx, avx2, aes, erms, clmul, bmi1, bmi2, adx, avx512f, avx512dq, avx512cd, avx512bw, avx512vl, sha, fma, vzeroupper, avx512_vpopcntdq, avx512_vpclmulqdq, avx512_vaes, avx512_vnni, clflush, clflushopt, clwb, avx512_vbmi2, avx512_vbmi, rdtscp, rdpid, fsrm, gfni, avx512_bitalg, f16c, pku, cet_ibt, cet_ss, avx512_ifma
Processor Information for the first 8 processors :
  Max Mhz: 2419, Current Mhz: 2419, Mhz Limit: 2419

Memory: 4k page, system-wide physical 20222M (1597M free)
TotalPageFile size 39519M (AvailPageFile size 10M)
current process WorkingSet (physical memory assigned to process): 519M, peak: 521M
current process commit charge ("private bytes"): 612M, peak: 625M

vm_info: OpenJDK 64-Bit Server VM (21.0.8+9-LTS) for windows-amd64 JRE (21.0.8+9-LTS), built on 2025-07-15T00:00:00Z by "admin" with MS VC++ 17.7 (VS2022)

END.
