#
# There is insufficient memory for the Java Runtime Environment to continue.
# Native memory allocation (malloc) failed to allocate 655376 bytes. Error detail: Chunk::new
# Possible reasons:
#   The system is out of physical RAM or swap space
#   This process is running with CompressedOops enabled, and the Java Heap may be blocking the growth of the native heap
# Possible solutions:
#   Reduce memory load on the system
#   Increase physical memory or swap space
#   Check if swap backing store is full
#   Decrease Java heap size (-Xmx/-Xms)
#   Decrease number of Java threads
#   Decrease Java thread stack sizes (-Xss)
#   Set larger code cache with -XX:ReservedCodeCacheSize=
#   JVM is running with Zero Based Compressed Oops mode in which the Java heap is
#     placed in the first 32GB address space. The Java Heap base address is the
#     maximum limit for the native heap growth. Please use -XX:HeapBaseMinAddress
#     to set the Java Heap base and to place the Java Heap above 32GB virtual address.
# This output file may be truncated or incomplete.
#
#  Out of Memory Error (arena.cpp:168), pid=24300, tid=27392
#
# JRE version: OpenJDK Runtime Environment Temurin-21.0.8+9 (21.0.8+9) (build 21.0.8+9-LTS)
# Java VM: OpenJDK 64-Bit Server VM Temurin-21.0.8+9 (21.0.8+9-LTS, mixed mode, sharing, tiered, compressed oops, compressed class ptrs, g1 gc, windows-amd64)
# No core dump will be written. Minidumps are not enabled by default on client versions of Windows
#

---------------  S U M M A R Y ------------

Command Line: -Dmaven.home=EMBEDDED -Dclassworlds.conf=C:\Users\user\eclipse-workspace\.metadata\.plugins\org.eclipse.m2e.launching\launches\m2conf12675983503577706367.tmp -Dmaven.multiModuleProjectDirectory=C:\Users\user\git\ProjectS2\JStream -Dm2e.build.project.data.socket.port=62976 --module-path=C:\Users\user\Downloads\openjfx-21.0.10_windows-x64_bin-sdk\javafx-sdk-21.0.10\lib --add-modules=javafx.controls,javafx.fxml -Dfile.encoding=UTF-8 -Dstdout.encoding=UTF-8 -Dstderr.encoding=UTF-8 -XX:+ShowCodeDetailsInExceptionMessages org.codehaus.plexus.classworlds.launcher.Launcher -B -Dstyle.color=always javafx:run

Host: 11th Gen Intel(R) Core(TM) i5-1135G7 @ 2.40GHz, 8 cores, 19G,  Windows 11 , 64 bit Build 26100 (10.0.26100.7920)
Time: Sun Apr  5 19:48:29 2026 Paris, Madrid elapsed time: 2.395423 seconds (0d 0h 0m 2s)

---------------  T H R E A D  ---------------

Current thread (0x0000018b590f3f90):  JavaThread "C2 CompilerThread0" daemon [_thread_in_native, id=27392, stack(0x00000030add00000,0x00000030ade00000) (1024K)]


Current CompileTask:
C2:2395 4770   !   4       com.google.inject.spi.InjectionPoint::getInjectionPoints (489 bytes)

Stack: [0x00000030add00000,0x00000030ade00000]
Native frames: (J=compiled Java code, j=interpreted, Vv=VM code, C=native code)
V  [jvm.dll+0x6d2449]
V  [jvm.dll+0x8ae341]
V  [jvm.dll+0x8b08be]
V  [jvm.dll+0x8b0fa3]
V  [jvm.dll+0x280c96]
V  [jvm.dll+0xc581d]
V  [jvm.dll+0xc5d53]
V  [jvm.dll+0x2f539d]
V  [jvm.dll+0x5fa00a]
V  [jvm.dll+0x252092]
V  [jvm.dll+0x24a56e]
V  [jvm.dll+0x2483a4]
V  [jvm.dll+0x1c89ee]
V  [jvm.dll+0x257d4d]
V  [jvm.dll+0x2562ea]
V  [jvm.dll+0x3f2d16]
V  [jvm.dll+0x857e6b]
V  [jvm.dll+0x6d0b0d]
C  [ucrtbase.dll+0x37b0]
C  [KERNEL32.DLL+0x2e8d7]
C  [ntdll.dll+0x8c48c]


---------------  P R O C E S S  ---------------

Threads class SMR info:
_java_thread_list=0x0000018ba1fbf620, length=14, elements={
0x0000018b3dd4f960, 0x0000018b590da6a0, 0x0000018b590db0f0, 0x0000018b590dfb60,
0x0000018b590e05b0, 0x0000018b590e3290, 0x0000018b590ebcf0, 0x0000018b590f3f90,
0x0000018b590f5a30, 0x0000018b590aef90, 0x0000018b5994fd20, 0x0000018b59ada790,
0x0000018b59b6d840, 0x0000018ba1941fb0
}

Java Threads: ( => current thread )
  0x0000018b3dd4f960 JavaThread "main"                              [_thread_in_native, id=25448, stack(0x00000030acf00000,0x00000030ad000000) (1024K)]
  0x0000018b590da6a0 JavaThread "Reference Handler"          daemon [_thread_blocked, id=14020, stack(0x00000030ad700000,0x00000030ad800000) (1024K)]
  0x0000018b590db0f0 JavaThread "Finalizer"                  daemon [_thread_blocked, id=6680, stack(0x00000030ad800000,0x00000030ad900000) (1024K)]
  0x0000018b590dfb60 JavaThread "Signal Dispatcher"          daemon [_thread_blocked, id=26980, stack(0x00000030ad900000,0x00000030ada00000) (1024K)]
  0x0000018b590e05b0 JavaThread "Attach Listener"            daemon [_thread_blocked, id=2800, stack(0x00000030ada00000,0x00000030adb00000) (1024K)]
  0x0000018b590e3290 JavaThread "Service Thread"             daemon [_thread_blocked, id=27404, stack(0x00000030adb00000,0x00000030adc00000) (1024K)]
  0x0000018b590ebcf0 JavaThread "Monitor Deflation Thread"   daemon [_thread_blocked, id=7716, stack(0x00000030adc00000,0x00000030add00000) (1024K)]
=>0x0000018b590f3f90 JavaThread "C2 CompilerThread0"         daemon [_thread_in_native, id=27392, stack(0x00000030add00000,0x00000030ade00000) (1024K)]
  0x0000018b590f5a30 JavaThread "C1 CompilerThread0"         daemon [_thread_blocked, id=2928, stack(0x00000030ade00000,0x00000030adf00000) (1024K)]
  0x0000018b590aef90 JavaThread "Common-Cleaner"             daemon [_thread_blocked, id=27460, stack(0x00000030adf00000,0x00000030ae000000) (1024K)]
  0x0000018b5994fd20 JavaThread "C2 CompilerThread1"         daemon [_thread_blocked, id=2056, stack(0x00000030ae000000,0x00000030ae100000) (1024K)]
  0x0000018b59ada790 JavaThread "C2 CompilerThread2"         daemon [_thread_blocked, id=3128, stack(0x00000030ae100000,0x00000030ae200000) (1024K)]
  0x0000018b59b6d840 JavaThread "Notification Thread"        daemon [_thread_blocked, id=14328, stack(0x00000030ae200000,0x00000030ae300000) (1024K)]
  0x0000018ba1941fb0 JavaThread "Exec Input Stream Pumper"   daemon [_thread_blocked, id=9480, stack(0x00000030aec00000,0x00000030aed00000) (1024K)]
Total: 14

Other Threads:
  0x0000018b590be520 VMThread "VM Thread"                           [id=25988, stack(0x00000030ad600000,0x00000030ad700000) (1024K)]
  0x0000018b590ae3d0 WatcherThread "VM Periodic Task Thread"        [id=5496, stack(0x00000030ad500000,0x00000030ad600000) (1024K)]
  0x0000018b3ddbebf0 WorkerThread "GC Thread#0"                     [id=15024, stack(0x00000030ad000000,0x00000030ad100000) (1024K)]
  0x0000018ba09fce00 WorkerThread "GC Thread#1"                     [id=12052, stack(0x00000030ae300000,0x00000030ae400000) (1024K)]
  0x0000018ba032ff90 WorkerThread "GC Thread#2"                     [id=18256, stack(0x00000030ae400000,0x00000030ae500000) (1024K)]
  0x0000018ba0330330 WorkerThread "GC Thread#3"                     [id=21548, stack(0x00000030ae500000,0x00000030ae600000) (1024K)]
  0x0000018ba03306d0 WorkerThread "GC Thread#4"                     [id=22964, stack(0x00000030ae600000,0x00000030ae700000) (1024K)]
  0x0000018b9fb76e80 WorkerThread "GC Thread#5"                     [id=17360, stack(0x00000030ae700000,0x00000030ae800000) (1024K)]
  0x0000018b9fc82b40 WorkerThread "GC Thread#6"                     [id=27636, stack(0x00000030ae800000,0x00000030ae900000) (1024K)]
  0x0000018b9f9aeb10 WorkerThread "GC Thread#7"                     [id=23172, stack(0x00000030ae900000,0x00000030aea00000) (1024K)]
  0x0000018b3ddc98e0 ConcurrentGCThread "G1 Main Marker"            [id=7596, stack(0x00000030ad100000,0x00000030ad200000) (1024K)]
  0x0000018b3ddcb170 WorkerThread "G1 Conc#0"                       [id=12000, stack(0x00000030ad200000,0x00000030ad300000) (1024K)]
  0x0000018b3de0e680 ConcurrentGCThread "G1 Refine#0"               [id=1232, stack(0x00000030ad300000,0x00000030ad400000) (1024K)]
  0x0000018b58f82060 ConcurrentGCThread "G1 Service"                [id=18788, stack(0x00000030ad400000,0x00000030ad500000) (1024K)]
Total: 14

Threads with active compile tasks:
C2 CompilerThread0  2407 4770   !   4       com.google.inject.spi.InjectionPoint::getInjectionPoints (489 bytes)
Total: 1

VM state: not at safepoint (normal execution)

VM Mutex/Monitor currently owned by a thread: None

Heap address: 0x00000006c4000000, size: 5056 MB, Compressed Oops mode: Zero based, Oop shift amount: 3

CDS archive(s) mapped at: [0x0000018b5a000000-0x0000018b5ac80000-0x0000018b5ac80000), size 13107200, SharedBaseAddress: 0x0000018b5a000000, ArchiveRelocationMode: 1.
Compressed class space mapped at: 0x0000018b5b000000-0x0000018b9b000000, reserved size: 1073741824
Narrow klass base: 0x0000018b5a000000, Narrow klass shift: 0, Narrow klass range: 0x100000000

GC Precious Log:
 CardTable entry size: 512
 Card Set container configuration: InlinePtr #cards 4 size 8 Array Of Cards #cards 32 size 80 Howl #buckets 8 coarsen threshold 7372 Howl Bitmap #cards 1024 size 144 coarsen threshold 921 Card regions per heap region 1 cards per card region 8192
 CPUs: 8 total, 8 available
 Memory: 20222M
 Large Page Support: Disabled
 NUMA Support: Disabled
 Compressed Oops: Enabled (Zero based)
 Heap Region Size: 4M
 Heap Min Capacity: 8M
 Heap Initial Capacity: 316M
 Heap Max Capacity: 5056M
 Pre-touch: Disabled
 Parallel Workers: 8
 Concurrent Workers: 2
 Concurrent Refinement Workers: 8
 Periodic GC: Disabled

Heap:
 garbage-first heap   total 323584K, used 136339K [0x00000006c4000000, 0x0000000800000000)
  region size 4096K, 34 young (139264K), 1 survivors (4096K)
 Metaspace       used 19966K, committed 20288K, reserved 1114112K
  class space    used 2343K, committed 2496K, reserved 1048576K

Heap Regions: E=young(eden), S=young(survivor), O=old, HS=humongous(starts), HC=humongous(continues), CS=collection set, F=free, TAMS=top-at-mark-start, PB=parsable bottom
|   0|0x00000006c4000000, 0x00000006c43d8f20, 0x00000006c4400000| 96%| O|  |TAMS 0x00000006c4000000| PB 0x00000006c4000000| Untracked 
|   1|0x00000006c4400000, 0x00000006c4400000, 0x00000006c4800000|  0%| F|  |TAMS 0x00000006c4400000| PB 0x00000006c4400000| Untracked 
|   2|0x00000006c4800000, 0x00000006c4800000, 0x00000006c4c00000|  0%| F|  |TAMS 0x00000006c4800000| PB 0x00000006c4800000| Untracked 
|   3|0x00000006c4c00000, 0x00000006c4c00000, 0x00000006c5000000|  0%| F|  |TAMS 0x00000006c4c00000| PB 0x00000006c4c00000| Untracked 
|   4|0x00000006c5000000, 0x00000006c5000000, 0x00000006c5400000|  0%| F|  |TAMS 0x00000006c5000000| PB 0x00000006c5000000| Untracked 
|   5|0x00000006c5400000, 0x00000006c5400000, 0x00000006c5800000|  0%| F|  |TAMS 0x00000006c5400000| PB 0x00000006c5400000| Untracked 
|   6|0x00000006c5800000, 0x00000006c5800000, 0x00000006c5c00000|  0%| F|  |TAMS 0x00000006c5800000| PB 0x00000006c5800000| Untracked 
|   7|0x00000006c5c00000, 0x00000006c5c00000, 0x00000006c6000000|  0%| F|  |TAMS 0x00000006c5c00000| PB 0x00000006c5c00000| Untracked 
|   8|0x00000006c6000000, 0x00000006c6000000, 0x00000006c6400000|  0%| F|  |TAMS 0x00000006c6000000| PB 0x00000006c6000000| Untracked 
|   9|0x00000006c6400000, 0x00000006c6400000, 0x00000006c6800000|  0%| F|  |TAMS 0x00000006c6400000| PB 0x00000006c6400000| Untracked 
|  10|0x00000006c6800000, 0x00000006c6800000, 0x00000006c6c00000|  0%| F|  |TAMS 0x00000006c6800000| PB 0x00000006c6800000| Untracked 
|  11|0x00000006c6c00000, 0x00000006c6c00000, 0x00000006c7000000|  0%| F|  |TAMS 0x00000006c6c00000| PB 0x00000006c6c00000| Untracked 
|  12|0x00000006c7000000, 0x00000006c7000000, 0x00000006c7400000|  0%| F|  |TAMS 0x00000006c7000000| PB 0x00000006c7000000| Untracked 
|  13|0x00000006c7400000, 0x00000006c7400000, 0x00000006c7800000|  0%| F|  |TAMS 0x00000006c7400000| PB 0x00000006c7400000| Untracked 
|  14|0x00000006c7800000, 0x00000006c7800000, 0x00000006c7c00000|  0%| F|  |TAMS 0x00000006c7800000| PB 0x00000006c7800000| Untracked 
|  15|0x00000006c7c00000, 0x00000006c7c00000, 0x00000006c8000000|  0%| F|  |TAMS 0x00000006c7c00000| PB 0x00000006c7c00000| Untracked 
|  16|0x00000006c8000000, 0x00000006c8000000, 0x00000006c8400000|  0%| F|  |TAMS 0x00000006c8000000| PB 0x00000006c8000000| Untracked 
|  17|0x00000006c8400000, 0x00000006c8400000, 0x00000006c8800000|  0%| F|  |TAMS 0x00000006c8400000| PB 0x00000006c8400000| Untracked 
|  18|0x00000006c8800000, 0x00000006c8800000, 0x00000006c8c00000|  0%| F|  |TAMS 0x00000006c8800000| PB 0x00000006c8800000| Untracked 
|  19|0x00000006c8c00000, 0x00000006c8c00000, 0x00000006c9000000|  0%| F|  |TAMS 0x00000006c8c00000| PB 0x00000006c8c00000| Untracked 
|  20|0x00000006c9000000, 0x00000006c9000000, 0x00000006c9400000|  0%| F|  |TAMS 0x00000006c9000000| PB 0x00000006c9000000| Untracked 
|  21|0x00000006c9400000, 0x00000006c9400000, 0x00000006c9800000|  0%| F|  |TAMS 0x00000006c9400000| PB 0x00000006c9400000| Untracked 
|  22|0x00000006c9800000, 0x00000006c9800000, 0x00000006c9c00000|  0%| F|  |TAMS 0x00000006c9800000| PB 0x00000006c9800000| Untracked 
|  23|0x00000006c9c00000, 0x00000006c9c00000, 0x00000006ca000000|  0%| F|  |TAMS 0x00000006c9c00000| PB 0x00000006c9c00000| Untracked 
|  24|0x00000006ca000000, 0x00000006ca000000, 0x00000006ca400000|  0%| F|  |TAMS 0x00000006ca000000| PB 0x00000006ca000000| Untracked 
|  25|0x00000006ca400000, 0x00000006ca400000, 0x00000006ca800000|  0%| F|  |TAMS 0x00000006ca400000| PB 0x00000006ca400000| Untracked 
|  26|0x00000006ca800000, 0x00000006ca800000, 0x00000006cac00000|  0%| F|  |TAMS 0x00000006ca800000| PB 0x00000006ca800000| Untracked 
|  27|0x00000006cac00000, 0x00000006cac00000, 0x00000006cb000000|  0%| F|  |TAMS 0x00000006cac00000| PB 0x00000006cac00000| Untracked 
|  28|0x00000006cb000000, 0x00000006cb000000, 0x00000006cb400000|  0%| F|  |TAMS 0x00000006cb000000| PB 0x00000006cb000000| Untracked 
|  29|0x00000006cb400000, 0x00000006cb400000, 0x00000006cb800000|  0%| F|  |TAMS 0x00000006cb400000| PB 0x00000006cb400000| Untracked 
|  30|0x00000006cb800000, 0x00000006cb800000, 0x00000006cbc00000|  0%| F|  |TAMS 0x00000006cb800000| PB 0x00000006cb800000| Untracked 
|  31|0x00000006cbc00000, 0x00000006cbc00000, 0x00000006cc000000|  0%| F|  |TAMS 0x00000006cbc00000| PB 0x00000006cbc00000| Untracked 
|  32|0x00000006cc000000, 0x00000006cc000000, 0x00000006cc400000|  0%| F|  |TAMS 0x00000006cc000000| PB 0x00000006cc000000| Untracked 
|  33|0x00000006cc400000, 0x00000006cc400000, 0x00000006cc800000|  0%| F|  |TAMS 0x00000006cc400000| PB 0x00000006cc400000| Untracked 
|  34|0x00000006cc800000, 0x00000006cc800000, 0x00000006ccc00000|  0%| F|  |TAMS 0x00000006cc800000| PB 0x00000006cc800000| Untracked 
|  35|0x00000006ccc00000, 0x00000006ccc00000, 0x00000006cd000000|  0%| F|  |TAMS 0x00000006ccc00000| PB 0x00000006ccc00000| Untracked 
|  36|0x00000006cd000000, 0x00000006cd000000, 0x00000006cd400000|  0%| F|  |TAMS 0x00000006cd000000| PB 0x00000006cd000000| Untracked 
|  37|0x00000006cd400000, 0x00000006cd400000, 0x00000006cd800000|  0%| F|  |TAMS 0x00000006cd400000| PB 0x00000006cd400000| Untracked 
|  38|0x00000006cd800000, 0x00000006cd800000, 0x00000006cdc00000|  0%| F|  |TAMS 0x00000006cd800000| PB 0x00000006cd800000| Untracked 
|  39|0x00000006cdc00000, 0x00000006cdc00000, 0x00000006ce000000|  0%| F|  |TAMS 0x00000006cdc00000| PB 0x00000006cdc00000| Untracked 
|  40|0x00000006ce000000, 0x00000006ce000000, 0x00000006ce400000|  0%| F|  |TAMS 0x00000006ce000000| PB 0x00000006ce000000| Untracked 
|  41|0x00000006ce400000, 0x00000006ce400000, 0x00000006ce800000|  0%| F|  |TAMS 0x00000006ce400000| PB 0x00000006ce400000| Untracked 
|  42|0x00000006ce800000, 0x00000006ce800000, 0x00000006cec00000|  0%| F|  |TAMS 0x00000006ce800000| PB 0x00000006ce800000| Untracked 
|  43|0x00000006cec00000, 0x00000006cec00000, 0x00000006cf000000|  0%| F|  |TAMS 0x00000006cec00000| PB 0x00000006cec00000| Untracked 
|  44|0x00000006cf000000, 0x00000006cf000000, 0x00000006cf400000|  0%| F|  |TAMS 0x00000006cf000000| PB 0x00000006cf000000| Untracked 
|  45|0x00000006cf400000, 0x00000006cf800000, 0x00000006cf800000|100%| E|  |TAMS 0x00000006cf400000| PB 0x00000006cf400000| Complete 
|  46|0x00000006cf800000, 0x00000006cfc00000, 0x00000006cfc00000|100%| E|CS|TAMS 0x00000006cf800000| PB 0x00000006cf800000| Complete 
|  47|0x00000006cfc00000, 0x00000006d0000000, 0x00000006d0000000|100%| E|CS|TAMS 0x00000006cfc00000| PB 0x00000006cfc00000| Complete 
|  48|0x00000006d0000000, 0x00000006d0400000, 0x00000006d0400000|100%| E|CS|TAMS 0x00000006d0000000| PB 0x00000006d0000000| Complete 
|  49|0x00000006d0400000, 0x00000006d0800000, 0x00000006d0800000|100%| E|CS|TAMS 0x00000006d0400000| PB 0x00000006d0400000| Complete 
|  50|0x00000006d0800000, 0x00000006d0c00000, 0x00000006d0c00000|100%| E|CS|TAMS 0x00000006d0800000| PB 0x00000006d0800000| Complete 
|  51|0x00000006d0c00000, 0x00000006d1000000, 0x00000006d1000000|100%| E|CS|TAMS 0x00000006d0c00000| PB 0x00000006d0c00000| Complete 
|  52|0x00000006d1000000, 0x00000006d1400000, 0x00000006d1400000|100%| E|CS|TAMS 0x00000006d1000000| PB 0x00000006d1000000| Complete 
|  53|0x00000006d1400000, 0x00000006d1800000, 0x00000006d1800000|100%| E|CS|TAMS 0x00000006d1400000| PB 0x00000006d1400000| Complete 
|  54|0x00000006d1800000, 0x00000006d1c00000, 0x00000006d1c00000|100%| E|CS|TAMS 0x00000006d1800000| PB 0x00000006d1800000| Complete 
|  55|0x00000006d1c00000, 0x00000006d2000000, 0x00000006d2000000|100%| E|CS|TAMS 0x00000006d1c00000| PB 0x00000006d1c00000| Complete 
|  56|0x00000006d2000000, 0x00000006d2400000, 0x00000006d2400000|100%| E|CS|TAMS 0x00000006d2000000| PB 0x00000006d2000000| Complete 
|  57|0x00000006d2400000, 0x00000006d2800000, 0x00000006d2800000|100%| E|CS|TAMS 0x00000006d2400000| PB 0x00000006d2400000| Complete 
|  58|0x00000006d2800000, 0x00000006d2c00000, 0x00000006d2c00000|100%| E|CS|TAMS 0x00000006d2800000| PB 0x00000006d2800000| Complete 
|  59|0x00000006d2c00000, 0x00000006d3000000, 0x00000006d3000000|100%| E|CS|TAMS 0x00000006d2c00000| PB 0x00000006d2c00000| Complete 
|  60|0x00000006d3000000, 0x00000006d3400000, 0x00000006d3400000|100%| E|CS|TAMS 0x00000006d3000000| PB 0x00000006d3000000| Complete 
|  61|0x00000006d3400000, 0x00000006d3800000, 0x00000006d3800000|100%| E|CS|TAMS 0x00000006d3400000| PB 0x00000006d3400000| Complete 
|  62|0x00000006d3800000, 0x00000006d3c00000, 0x00000006d3c00000|100%| E|CS|TAMS 0x00000006d3800000| PB 0x00000006d3800000| Complete 
|  63|0x00000006d3c00000, 0x00000006d4000000, 0x00000006d4000000|100%| E|CS|TAMS 0x00000006d3c00000| PB 0x00000006d3c00000| Complete 
|  64|0x00000006d4000000, 0x00000006d4400000, 0x00000006d4400000|100%| E|CS|TAMS 0x00000006d4000000| PB 0x00000006d4000000| Complete 
|  65|0x00000006d4400000, 0x00000006d4800000, 0x00000006d4800000|100%| E|CS|TAMS 0x00000006d4400000| PB 0x00000006d4400000| Complete 
|  66|0x00000006d4800000, 0x00000006d4c00000, 0x00000006d4c00000|100%| E|CS|TAMS 0x00000006d4800000| PB 0x00000006d4800000| Complete 
|  67|0x00000006d4c00000, 0x00000006d5000000, 0x00000006d5000000|100%| E|CS|TAMS 0x00000006d4c00000| PB 0x00000006d4c00000| Complete 
|  68|0x00000006d5000000, 0x00000006d5400000, 0x00000006d5400000|100%| E|CS|TAMS 0x00000006d5000000| PB 0x00000006d5000000| Complete 
|  69|0x00000006d5400000, 0x00000006d5800000, 0x00000006d5800000|100%| E|CS|TAMS 0x00000006d5400000| PB 0x00000006d5400000| Complete 
|  70|0x00000006d5800000, 0x00000006d594bda8, 0x00000006d5c00000| 32%| S|CS|TAMS 0x00000006d5800000| PB 0x00000006d5800000| Complete 
|  71|0x00000006d5c00000, 0x00000006d6000000, 0x00000006d6000000|100%| E|CS|TAMS 0x00000006d5c00000| PB 0x00000006d5c00000| Complete 
|  72|0x00000006d6000000, 0x00000006d6400000, 0x00000006d6400000|100%| E|CS|TAMS 0x00000006d6000000| PB 0x00000006d6000000| Complete 
|  73|0x00000006d6400000, 0x00000006d6800000, 0x00000006d6800000|100%| E|CS|TAMS 0x00000006d6400000| PB 0x00000006d6400000| Complete 
|  74|0x00000006d6800000, 0x00000006d6c00000, 0x00000006d6c00000|100%| E|CS|TAMS 0x00000006d6800000| PB 0x00000006d6800000| Complete 
|  75|0x00000006d6c00000, 0x00000006d7000000, 0x00000006d7000000|100%| E|CS|TAMS 0x00000006d6c00000| PB 0x00000006d6c00000| Complete 
|  76|0x00000006d7000000, 0x00000006d7400000, 0x00000006d7400000|100%| E|CS|TAMS 0x00000006d7000000| PB 0x00000006d7000000| Complete 
|  77|0x00000006d7400000, 0x00000006d7800000, 0x00000006d7800000|100%| E|CS|TAMS 0x00000006d7400000| PB 0x00000006d7400000| Complete 
|  78|0x00000006d7800000, 0x00000006d7c00000, 0x00000006d7c00000|100%| E|CS|TAMS 0x00000006d7800000| PB 0x00000006d7800000| Complete 

Card table byte_map: [0x0000018b51400000,0x0000018b51de0000] _byte_map_base: 0x0000018b4dde0000

Marking Bits: (CMBitMap*) 0x0000018b3ddbf200
 Bits: [0x0000018b51de0000, 0x0000018b56ce0000)

Polling page: 0x0000018b3bd90000

Metaspace:

Usage:
  Non-class:     17.21 MB used.
      Class:      2.29 MB used.
       Both:     19.50 MB used.

Virtual space:
  Non-class space:       64.00 MB reserved,      17.38 MB ( 27%) committed,  1 nodes.
      Class space:        1.00 GB reserved,       2.44 MB ( <1%) committed,  1 nodes.
             Both:        1.06 GB reserved,      19.81 MB (  2%) committed. 

Chunk freelists:
   Non-Class:  14.25 MB
       Class:  13.53 MB
        Both:  27.78 MB

MaxMetaspaceSize: unlimited
CompressedClassSpaceSize: 1.00 GB
Initial GC threshold: 21.00 MB
Current GC threshold: 21.00 MB
CDS: on
 - commit_granule_bytes: 65536.
 - commit_granule_words: 8192.
 - virtual_space_node_default_size: 8388608.
 - enlarge_chunks_in_place: 1.
 - use_allocation_guard: 0.


Internal statistics:

num_allocs_failed_limit: 0.
num_arena_births: 192.
num_arena_deaths: 0.
num_vsnodes_births: 2.
num_vsnodes_deaths: 0.
num_space_committed: 317.
num_space_uncommitted: 0.
num_chunks_returned_to_freelist: 0.
num_chunks_taken_from_freelist: 878.
num_chunk_merges: 0.
num_chunk_splits: 599.
num_chunks_enlarged: 478.
num_inconsistent_stats: 0.

CodeHeap 'non-profiled nmethods': size=120000Kb used=2754Kb max_used=2754Kb free=117245Kb
 bounds [0x0000018b491c0000, 0x0000018b49480000, 0x0000018b506f0000]
CodeHeap 'profiled nmethods': size=120000Kb used=10106Kb max_used=10106Kb free=109893Kb
 bounds [0x0000018b416f0000, 0x0000018b420d0000, 0x0000018b48c20000]
CodeHeap 'non-nmethods': size=5760Kb used=1568Kb max_used=1637Kb free=4191Kb
 bounds [0x0000018b48c20000, 0x0000018b48e90000, 0x0000018b491c0000]
CodeCache: size=245760Kb, used=14428Kb, max_used=14497Kb, free=231329Kb
 total_blobs=5410, nmethods=4900, adapters=414, full_count=0
Compilation: enabled, stopped_count=0, restarted_count=0

Compilation events (20 events):
Event: 2.331 Thread 0x0000018b5994fd20 nmethod 4862 0x0000018b49468690 code [0x0000018b49468840, 0x0000018b49468f48]
Event: 2.331 Thread 0x0000018b5994fd20 4893       4       java.lang.Character::isWhitespace (5 bytes)
Event: 2.333 Thread 0x0000018b5994fd20 nmethod 4893 0x0000018b49469290 code [0x0000018b49469420, 0x0000018b49469540]
Event: 2.333 Thread 0x0000018b5994fd20 4856       4       java.util.stream.AbstractPipeline::close (48 bytes)
Event: 2.333 Thread 0x0000018b59ada790 nmethod 4837 0x0000018b49469690 code [0x0000018b49469a40, 0x0000018b4946c0e8]
Event: 2.333 Thread 0x0000018b59ada790 4857       4       java.util.stream.ReferencePipeline$Head::forEach (26 bytes)
Event: 2.333 Thread 0x0000018b5994fd20 nmethod 4856 0x0000018b4946d290 code [0x0000018b4946d420, 0x0000018b4946d5a0]
Event: 2.333 Thread 0x0000018b5994fd20 4858       4       jdk.internal.module.ModulePath::toPackageName (120 bytes)
Event: 2.336 Thread 0x0000018b59ada790 nmethod 4857 0x0000018b4946d690 code [0x0000018b4946d8a0, 0x0000018b4946ddf0]
Event: 2.336 Thread 0x0000018b59ada790 4877       4       java.util.Set::of (4 bytes)
Event: 2.336 Thread 0x0000018b59ada790 nmethod 4877 0x0000018b4946e290 code [0x0000018b4946e420, 0x0000018b4946e490]
Event: 2.352 Thread 0x0000018b5994fd20 nmethod 4858 0x0000018b4946e590 code [0x0000018b4946e800, 0x0000018b4946fa48]
Event: 2.357 Thread 0x0000018b590f5a30 4899       3       java.lang.invoke.LambdaForm::returnType (26 bytes)
Event: 2.358 Thread 0x0000018b590f5a30 nmethod 4899 0x0000018b420cd110 code [0x0000018b420cd2c0, 0x0000018b420cd470]
Event: 2.358 Thread 0x0000018b590f5a30 4900       3       jdk.internal.org.objectweb.asm.AnnotationWriter::create (34 bytes)
Event: 2.358 Thread 0x0000018b590f5a30 nmethod 4900 0x0000018b420cd590 code [0x0000018b420cd7a0, 0x0000018b420cdc68]
Event: 2.358 Thread 0x0000018b590f5a30 4901       3       jdk.internal.org.objectweb.asm.AnnotationWriter::<init> (60 bytes)
Event: 2.358 Thread 0x0000018b590f5a30 nmethod 4901 0x0000018b420cde90 code [0x0000018b420ce060, 0x0000018b420ce468]
Event: 2.358 Thread 0x0000018b590f5a30 4902       3       jdk.internal.org.objectweb.asm.MethodWriter::visitAnnotation (40 bytes)
Event: 2.358 Thread 0x0000018b590f5a30 nmethod 4902 0x0000018b420ce610 code [0x0000018b420ce7e0, 0x0000018b420ceaa8]

GC Heap History (4 events):
Event: 0.407 GC heap before
{Heap before GC invocations=0 (full 0):
 garbage-first heap   total 323584K, used 20480K [0x00000006c4000000, 0x0000000800000000)
  region size 4096K, 5 young (20480K), 0 survivors (0K)
 Metaspace       used 4053K, committed 4224K, reserved 1114112K
  class space    used 425K, committed 512K, reserved 1048576K
}
Event: 0.409 GC heap after
{Heap after GC invocations=1 (full 0):
 garbage-first heap   total 323584K, used 4114K [0x00000006c4000000, 0x0000000800000000)
  region size 4096K, 1 young (4096K), 1 survivors (4096K)
 Metaspace       used 4053K, committed 4224K, reserved 1114112K
  class space    used 425K, committed 512K, reserved 1048576K
}
Event: 0.748 GC heap before
{Heap before GC invocations=1 (full 0):
 garbage-first heap   total 323584K, used 32786K [0x00000006c4000000, 0x0000000800000000)
  region size 4096K, 8 young (32768K), 1 survivors (4096K)
 Metaspace       used 7713K, committed 7872K, reserved 1114112K
  class space    used 908K, committed 960K, reserved 1048576K
}
Event: 0.751 GC heap after
{Heap after GC invocations=2 (full 0):
 garbage-first heap   total 323584K, used 5267K [0x00000006c4000000, 0x0000000800000000)
  region size 4096K, 1 young (4096K), 1 survivors (4096K)
 Metaspace       used 7713K, committed 7872K, reserved 1114112K
  class space    used 908K, committed 960K, reserved 1048576K
}

Dll operation events (9 events):
Event: 0.006 Loaded shared library C:\Users\user\.p2\pool\plugins\org.eclipse.justj.openjdk.hotspot.jre.full.win32.x86_64_21.0.8.v20250724-1412\jre\bin\java.dll
Event: 0.026 Loaded shared library C:\Users\user\.p2\pool\plugins\org.eclipse.justj.openjdk.hotspot.jre.full.win32.x86_64_21.0.8.v20250724-1412\jre\bin\zip.dll
Event: 0.049 Loaded shared library C:\Users\user\.p2\pool\plugins\org.eclipse.justj.openjdk.hotspot.jre.full.win32.x86_64_21.0.8.v20250724-1412\jre\bin\net.dll
Event: 0.051 Loaded shared library C:\Users\user\.p2\pool\plugins\org.eclipse.justj.openjdk.hotspot.jre.full.win32.x86_64_21.0.8.v20250724-1412\jre\bin\nio.dll
Event: 0.055 Loaded shared library C:\Users\user\.p2\pool\plugins\org.eclipse.justj.openjdk.hotspot.jre.full.win32.x86_64_21.0.8.v20250724-1412\jre\bin\zip.dll
Event: 0.186 Loaded shared library C:\Users\user\.p2\pool\plugins\org.eclipse.justj.openjdk.hotspot.jre.full.win32.x86_64_21.0.8.v20250724-1412\jre\bin\jimage.dll
Event: 0.228 Loaded shared library C:\Users\user\AppData\Local\Temp\jansi-2.4.2-271e425a71944023-jansi.dll
Event: 0.582 Loaded shared library C:\Users\user\.p2\pool\plugins\org.eclipse.justj.openjdk.hotspot.jre.full.win32.x86_64_21.0.8.v20250724-1412\jre\bin\verify.dll
Event: 1.127 Loaded shared library C:\Users\user\.p2\pool\plugins\org.eclipse.justj.openjdk.hotspot.jre.full.win32.x86_64_21.0.8.v20250724-1412\jre\bin\extnet.dll

Deoptimization events (20 events):
Event: 2.307 Thread 0x0000018b3dd4f960 Uncommon trap: trap_request=0xffffffc6 fr.pc=0x0000018b49371f7c relative=0x00000000000004dc
Event: 2.307 Thread 0x0000018b3dd4f960 Uncommon trap: reason=bimorphic_or_optimized_type_check action=maybe_recompile pc=0x0000018b49371f7c method=java.util.regex.Pattern$BmpCharPropertyGreedy.match(Ljava/util/regex/Matcher;ILjava/lang/CharSequence;)Z @ 26 c2
Event: 2.307 Thread 0x0000018b3dd4f960 DEOPT PACKING pc=0x0000018b49371f7c sp=0x00000030acffd940
Event: 2.307 Thread 0x0000018b3dd4f960 DEOPT UNPACKING pc=0x0000018b48c77da2 sp=0x00000030acffd8d8 mode 2
Event: 2.362 Thread 0x0000018b3dd4f960 Uncommon trap: trap_request=0xffffff66 fr.pc=0x0000018b4935b604 relative=0x0000000000000064
Event: 2.362 Thread 0x0000018b3dd4f960 Uncommon trap: reason=speculate_class_check action=maybe_recompile pc=0x0000018b4935b604 method=java.lang.invoke.Invokers$Holder.linkToTargetMethod(Ljava/lang/Object;Ljava/lang/Object;)Ljava/lang/Object; @ 1 c2
Event: 2.362 Thread 0x0000018b3dd4f960 DEOPT PACKING pc=0x0000018b4935b604 sp=0x00000030acffd710
Event: 2.362 Thread 0x0000018b3dd4f960 DEOPT UNPACKING pc=0x0000018b48c77da2 sp=0x00000030acffd6b0 mode 2
Event: 2.362 Thread 0x0000018b3dd4f960 Uncommon trap: trap_request=0xffffff66 fr.pc=0x0000018b4935b604 relative=0x0000000000000064
Event: 2.362 Thread 0x0000018b3dd4f960 Uncommon trap: reason=speculate_class_check action=maybe_recompile pc=0x0000018b4935b604 method=java.lang.invoke.Invokers$Holder.linkToTargetMethod(Ljava/lang/Object;Ljava/lang/Object;)Ljava/lang/Object; @ 1 c2
Event: 2.362 Thread 0x0000018b3dd4f960 DEOPT PACKING pc=0x0000018b4935b604 sp=0x00000030acffd520
Event: 2.362 Thread 0x0000018b3dd4f960 DEOPT UNPACKING pc=0x0000018b48c77da2 sp=0x00000030acffd4c0 mode 2
Event: 2.362 Thread 0x0000018b3dd4f960 Uncommon trap: trap_request=0xffffff66 fr.pc=0x0000018b4935b604 relative=0x0000000000000064
Event: 2.362 Thread 0x0000018b3dd4f960 Uncommon trap: reason=speculate_class_check action=maybe_recompile pc=0x0000018b4935b604 method=java.lang.invoke.Invokers$Holder.linkToTargetMethod(Ljava/lang/Object;Ljava/lang/Object;)Ljava/lang/Object; @ 1 c2
Event: 2.362 Thread 0x0000018b3dd4f960 DEOPT PACKING pc=0x0000018b4935b604 sp=0x00000030acffd670
Event: 2.362 Thread 0x0000018b3dd4f960 DEOPT UNPACKING pc=0x0000018b48c77da2 sp=0x00000030acffd610 mode 2
Event: 2.362 Thread 0x0000018b3dd4f960 Uncommon trap: trap_request=0xffffff66 fr.pc=0x0000018b4935b604 relative=0x0000000000000064
Event: 2.362 Thread 0x0000018b3dd4f960 Uncommon trap: reason=speculate_class_check action=maybe_recompile pc=0x0000018b4935b604 method=java.lang.invoke.Invokers$Holder.linkToTargetMethod(Ljava/lang/Object;Ljava/lang/Object;)Ljava/lang/Object; @ 1 c2
Event: 2.362 Thread 0x0000018b3dd4f960 DEOPT PACKING pc=0x0000018b4935b604 sp=0x00000030acffd670
Event: 2.362 Thread 0x0000018b3dd4f960 DEOPT UNPACKING pc=0x0000018b48c77da2 sp=0x00000030acffd610 mode 2

Classes loaded (20 events):
Event: 2.361 Loading class jdk/internal/logger/LazyLoggers
Event: 2.361 Loading class jdk/internal/logger/LazyLoggers done
Event: 2.361 Loading class jdk/internal/logger/LazyLoggers$1
Event: 2.361 Loading class jdk/internal/logger/LazyLoggers$1 done
Event: 2.361 Loading class jdk/internal/logger/LazyLoggers$LazyLoggerFactories
Event: 2.361 Loading class jdk/internal/logger/LazyLoggers$LazyLoggerFactories done
Event: 2.361 Loading class jdk/internal/logger/LoggerFinderLoader
Event: 2.361 Loading class jdk/internal/logger/LoggerFinderLoader done
Event: 2.362 Loading class jdk/internal/logger/LoggerFinderLoader$TemporaryLoggerFinder
Event: 2.362 Loading class jdk/internal/logger/LoggerFinderLoader$TemporaryLoggerFinder done
Event: 2.362 Loading class sun/util/logging/internal/LoggingProviderImpl$JULWrapper
Event: 2.362 Loading class sun/util/logging/PlatformLogger$ConfigurableBridge$LoggerConfiguration
Event: 2.362 Loading class sun/util/logging/PlatformLogger$ConfigurableBridge$LoggerConfiguration done
Event: 2.362 Loading class sun/util/logging/internal/LoggingProviderImpl$JULWrapper done
Event: 2.362 Loading class java/lang/System$Logger$Level
Event: 2.362 Loading class java/lang/System$Logger$Level done
Event: 2.363 Loading class java/io/PipedOutputStream
Event: 2.363 Loading class java/io/PipedOutputStream done
Event: 2.363 Loading class jdk/internal/event/ThreadSleepEvent
Event: 2.363 Loading class jdk/internal/event/ThreadSleepEvent done

Classes unloaded (0 events):
No events

Classes redefined (0 events):
No events

Internal exceptions (20 events):
Event: 1.400 Thread 0x0000018b3dd4f960 Implicit null exception at 0x0000018b492a5f3d to 0x0000018b492a61d8
Event: 1.400 Thread 0x0000018b3dd4f960 Implicit null exception at 0x0000018b491e6ce6 to 0x0000018b491e6d8a
Event: 1.553 Thread 0x0000018b3dd4f960 Implicit null exception at 0x0000018b4922eebd to 0x0000018b4922f158
Event: 1.553 Thread 0x0000018b3dd4f960 Implicit null exception at 0x0000018b491e633d to 0x0000018b491e63c1
Event: 1.575 Thread 0x0000018b3dd4f960 Exception <a 'java/lang/NoSuchMethodError'{0x00000006d432b318}: 'java.lang.Object java.lang.invoke.DirectMethodHandle$Holder.newInvokeSpecial(java.lang.Object, java.lang.Object, java.lang.Object, java.lang.Object, java.lang.Object, java.lang.Object, java.lang.Object)'> (0x00000006d432b318) 
thrown [s\src\hotspot\share\interpreter\linkResolver.cpp, line 773]
Event: 1.679 Thread 0x0000018b3dd4f960 Exception <a 'java/lang/NoSuchMethodError'{0x00000006d34f52b8}: 'int java.lang.invoke.DirectMethodHandle$Holder.invokeVirtual(java.lang.Object, java.lang.Object)'> (0x00000006d34f52b8) 
thrown [s\src\hotspot\share\interpreter\linkResolver.cpp, line 773]
Event: 1.692 Thread 0x0000018b3dd4f960 Exception <a 'java/lang/NoSuchMethodError'{0x00000006d35d86f8}: 'void java.lang.invoke.Invokers$Holder.invokeExact_MT(java.lang.Object, java.lang.Object, int, java.lang.Object)'> (0x00000006d35d86f8) 
thrown [s\src\hotspot\share\interpreter\linkResolver.cpp, line 773]
Event: 2.290 Thread 0x0000018b3dd4f960 Exception <a 'sun/nio/fs/WindowsException'{0x00000006cff41a90}> (0x00000006cff41a90) 
thrown [s\src\hotspot\share\prims\jni.cpp, line 520]
Event: 2.290 Thread 0x0000018b3dd4f960 Exception <a 'sun/nio/fs/WindowsException'{0x00000006cff42258}> (0x00000006cff42258) 
thrown [s\src\hotspot\share\prims\jni.cpp, line 520]
Event: 2.294 Thread 0x0000018b3dd4f960 Exception <a 'sun/nio/fs/WindowsException'{0x00000006cff5f7c0}> (0x00000006cff5f7c0) 
thrown [s\src\hotspot\share\prims\jni.cpp, line 520]
Event: 2.294 Thread 0x0000018b3dd4f960 Exception <a 'sun/nio/fs/WindowsException'{0x00000006cff66c48}> (0x00000006cff66c48) 
thrown [s\src\hotspot\share\prims\jni.cpp, line 520]
Event: 2.295 Thread 0x0000018b3dd4f960 Exception <a 'sun/nio/fs/WindowsException'{0x00000006cff680b0}> (0x00000006cff680b0) 
thrown [s\src\hotspot\share\prims\jni.cpp, line 520]
Event: 2.295 Thread 0x0000018b3dd4f960 Exception <a 'sun/nio/fs/WindowsException'{0x00000006cff68d30}> (0x00000006cff68d30) 
thrown [s\src\hotspot\share\prims\jni.cpp, line 520]
Event: 2.295 Thread 0x0000018b3dd4f960 Exception <a 'sun/nio/fs/WindowsException'{0x00000006cff699b8}> (0x00000006cff699b8) 
thrown [s\src\hotspot\share\prims\jni.cpp, line 520]
Event: 2.295 Thread 0x0000018b3dd4f960 Exception <a 'sun/nio/fs/WindowsException'{0x00000006cff6a618}> (0x00000006cff6a618) 
thrown [s\src\hotspot\share\prims\jni.cpp, line 520]
Event: 2.323 Thread 0x0000018b3dd4f960 Exception <a 'java/lang/IncompatibleClassChangeError'{0x00000006cfbaeb30}: Found class java.lang.Object, but interface was expected> (0x00000006cfbaeb30) 
thrown [s\src\hotspot\share\interpreter\linkResolver.cpp, line 840]
Event: 2.356 Thread 0x0000018b3dd4f960 Exception <a 'java/lang/NoSuchMethodError'{0x00000006cf406ee8}: 'void java.lang.invoke.DirectMethodHandle$Holder.invokeStatic(java.lang.Object, long)'> (0x00000006cf406ee8) 
thrown [s\src\hotspot\share\interpreter\linkResolver.cpp, line 773]
Event: 2.356 Thread 0x0000018b3dd4f960 Exception <a 'java/lang/NoSuchMethodError'{0x00000006cf40bd70}: 'java.lang.Object java.lang.invoke.DirectMethodHandle$Holder.newInvokeSpecial(java.lang.Object, long)'> (0x00000006cf40bd70) 
thrown [s\src\hotspot\share\interpreter\linkResolver.cpp, line 773]
Event: 2.358 Thread 0x0000018b3dd4f960 Exception <a 'java/lang/NoSuchMethodError'{0x00000006cf412af8}: 'java.lang.Object java.lang.invoke.DirectMethodHandle$Holder.invokeStatic(java.lang.Object, long, java.lang.Object)'> (0x00000006cf412af8) 
thrown [s\src\hotspot\share\interpreter\linkResolver.cpp, line 773]
Event: 2.358 Thread 0x0000018b3dd4f960 Exception <a 'java/lang/NoSuchMethodError'{0x00000006cf4162c0}: 'java.lang.Object java.lang.invoke.DirectMethodHandle$Holder.invokeStaticInit(java.lang.Object, long, java.lang.Object)'> (0x00000006cf4162c0) 
thrown [s\src\hotspot\share\interpreter\linkResolver.cpp, line 773]

ZGC Phase Switch (0 events):
No events

VM Operations (20 events):
Event: 1.216 Executing VM operation: HandshakeAllThreads (Deoptimize)
Event: 1.216 Executing VM operation: HandshakeAllThreads (Deoptimize) done
Event: 1.334 Executing VM operation: ICBufferFull
Event: 1.334 Executing VM operation: ICBufferFull done
Event: 1.554 Executing VM operation: ICBufferFull
Event: 1.554 Executing VM operation: ICBufferFull done
Event: 1.691 Executing VM operation: ICBufferFull
Event: 1.691 Executing VM operation: ICBufferFull done
Event: 1.999 Executing VM operation: ICBufferFull
Event: 1.999 Executing VM operation: ICBufferFull done
Event: 2.228 Executing VM operation: HandshakeAllThreads (Deoptimize)
Event: 2.229 Executing VM operation: HandshakeAllThreads (Deoptimize) done
Event: 2.267 Executing VM operation: HandshakeAllThreads (Deoptimize)
Event: 2.267 Executing VM operation: HandshakeAllThreads (Deoptimize) done
Event: 2.282 Executing VM operation: HandshakeAllThreads (Deoptimize)
Event: 2.283 Executing VM operation: HandshakeAllThreads (Deoptimize) done
Event: 2.292 Executing VM operation: HandshakeAllThreads (Deoptimize)
Event: 2.292 Executing VM operation: HandshakeAllThreads (Deoptimize) done
Event: 2.360 Executing VM operation: HandshakeAllThreads (Deoptimize)
Event: 2.360 Executing VM operation: HandshakeAllThreads (Deoptimize) done

Memory protections (0 events):
No events

Nmethod flushes (0 events):
No events

Events (18 events):
Event: 0.016 Thread 0x0000018b3dd4f960 Thread added: 0x0000018b3dd4f960
Event: 0.027 Thread 0x0000018b3dd4f960 Thread added: 0x0000018b590da6a0
Event: 0.027 Thread 0x0000018b3dd4f960 Thread added: 0x0000018b590db0f0
Event: 0.028 Thread 0x0000018b3dd4f960 Thread added: 0x0000018b590dfb60
Event: 0.028 Thread 0x0000018b3dd4f960 Thread added: 0x0000018b590e05b0
Event: 0.028 Thread 0x0000018b3dd4f960 Thread added: 0x0000018b590e3290
Event: 0.028 Thread 0x0000018b3dd4f960 Thread added: 0x0000018b590ebcf0
Event: 0.028 Thread 0x0000018b3dd4f960 Thread added: 0x0000018b590f3f90
Event: 0.028 Thread 0x0000018b3dd4f960 Thread added: 0x0000018b590f5a30
Event: 0.042 Thread 0x0000018b3dd4f960 Thread added: 0x0000018b590aef90
Event: 0.076 Thread 0x0000018b590f5a30 Thread added: 0x0000018b5994fd20
Event: 0.079 Thread 0x0000018b590f5a30 Thread added: 0x0000018b59ada790
Event: 0.104 Thread 0x0000018b3dd4f960 Thread added: 0x0000018b59b6d840
Event: 0.185 Thread 0x0000018b3dd4f960 Thread added: 0x0000018b9fdb8100
Event: 0.195 Thread 0x0000018b9fdb8100 Thread exited: 0x0000018b9fdb8100
Event: 2.363 Thread 0x0000018b3dd4f960 Thread added: 0x0000018ba1dbbcc0
Event: 2.363 Thread 0x0000018b3dd4f960 Thread added: 0x0000018ba1dbc320
Event: 2.363 Thread 0x0000018b3dd4f960 Thread added: 0x0000018ba1941fb0


Dynamic libraries:
0x00007ff736410000 - 0x00007ff73641e000 	C:\Users\user\.p2\pool\plugins\org.eclipse.justj.openjdk.hotspot.jre.full.win32.x86_64_21.0.8.v20250724-1412\jre\bin\javaw.exe
0x00007ffb54100000 - 0x00007ffb54367000 	C:\WINDOWS\SYSTEM32\ntdll.dll
0x00007ffb52ec0000 - 0x00007ffb52f89000 	C:\WINDOWS\System32\KERNEL32.DLL
0x00007ffb51220000 - 0x00007ffb51611000 	C:\WINDOWS\System32\KERNELBASE.dll
0x00007ffb51a70000 - 0x00007ffb51bbb000 	C:\WINDOWS\System32\ucrtbase.dll
0x00007ffb35af0000 - 0x00007ffb35b08000 	C:\Users\user\.p2\pool\plugins\org.eclipse.justj.openjdk.hotspot.jre.full.win32.x86_64_21.0.8.v20250724-1412\jre\bin\jli.dll
0x00007ffb35b50000 - 0x00007ffb35b6e000 	C:\Users\user\.p2\pool\plugins\org.eclipse.justj.openjdk.hotspot.jre.full.win32.x86_64_21.0.8.v20250724-1412\jre\bin\VCRUNTIME140.dll
0x00007ffb531e0000 - 0x00007ffb533a5000 	C:\WINDOWS\System32\USER32.dll
0x00007ffb34130000 - 0x00007ffb343c3000 	C:\WINDOWS\WinSxS\amd64_microsoft.windows.common-controls_6595b64144ccf1df_6.0.26100.8037_none_3e092faae333b53b\COMCTL32.dll
0x00007ffb51620000 - 0x00007ffb51647000 	C:\WINDOWS\System32\win32u.dll
0x00007ffb53030000 - 0x00007ffb530d9000 	C:\WINDOWS\System32\msvcrt.dll
0x00007ffb53600000 - 0x00007ffb5362b000 	C:\WINDOWS\System32\GDI32.dll
0x00007ffb517c0000 - 0x00007ffb518eb000 	C:\WINDOWS\System32\gdi32full.dll
0x00007ffb51d30000 - 0x00007ffb51dd3000 	C:\WINDOWS\System32\msvcp_win.dll
0x00007ffb52ff0000 - 0x00007ffb53021000 	C:\WINDOWS\System32\IMM32.DLL
0x00007ffb35b40000 - 0x00007ffb35b4c000 	C:\Users\user\.p2\pool\plugins\org.eclipse.justj.openjdk.hotspot.jre.full.win32.x86_64_21.0.8.v20250724-1412\jre\bin\vcruntime140_1.dll
0x00007ffb0f950000 - 0x00007ffb0f9dd000 	C:\Users\user\.p2\pool\plugins\org.eclipse.justj.openjdk.hotspot.jre.full.win32.x86_64_21.0.8.v20250724-1412\jre\bin\msvcp140.dll
0x00007ffaaf7e0000 - 0x00007ffab0577000 	C:\Users\user\.p2\pool\plugins\org.eclipse.justj.openjdk.hotspot.jre.full.win32.x86_64_21.0.8.v20250724-1412\jre\bin\server\jvm.dll
0x00007ffb52d40000 - 0x00007ffb52dfb000 	C:\WINDOWS\System32\ADVAPI32.dll
0x00007ffb52e10000 - 0x00007ffb52eb7000 	C:\WINDOWS\System32\sechost.dll
0x00007ffb53f70000 - 0x00007ffb54088000 	C:\WINDOWS\System32\RPCRT4.dll
0x00007ffb530e0000 - 0x00007ffb53154000 	C:\WINDOWS\System32\WS2_32.dll
0x00007ffb50810000 - 0x00007ffb5086e000 	C:\WINDOWS\SYSTEM32\POWRPROF.dll
0x00007ffb4a530000 - 0x00007ffb4a565000 	C:\WINDOWS\SYSTEM32\WINMM.dll
0x00007ffb487e0000 - 0x00007ffb487eb000 	C:\WINDOWS\SYSTEM32\VERSION.dll
0x00007ffb507f0000 - 0x00007ffb50804000 	C:\WINDOWS\SYSTEM32\UMPDC.dll
0x00007ffb4f740000 - 0x00007ffb4f75b000 	C:\WINDOWS\SYSTEM32\kernel.appcore.dll
0x00007ffb09c80000 - 0x00007ffb09c8a000 	C:\Users\user\.p2\pool\plugins\org.eclipse.justj.openjdk.hotspot.jre.full.win32.x86_64_21.0.8.v20250724-1412\jre\bin\jimage.dll
0x00007ffb4e3c0000 - 0x00007ffb4e602000 	C:\WINDOWS\SYSTEM32\DBGHELP.DLL
0x00007ffb52300000 - 0x00007ffb52682000 	C:\WINDOWS\System32\combase.dll
0x00007ffb52ac0000 - 0x00007ffb52b97000 	C:\WINDOWS\System32\OLEAUT32.dll
0x00007ffb2ba10000 - 0x00007ffb2ba4b000 	C:\WINDOWS\SYSTEM32\dbgcore.DLL
0x00007ffb51bc0000 - 0x00007ffb51c65000 	C:\WINDOWS\System32\bcryptPrimitives.dll
0x00007ffac69b0000 - 0x00007ffac69cf000 	C:\Users\user\.p2\pool\plugins\org.eclipse.justj.openjdk.hotspot.jre.full.win32.x86_64_21.0.8.v20250724-1412\jre\bin\java.dll
0x00007ffb53660000 - 0x00007ffb53dbf000 	C:\WINDOWS\System32\SHELL32.dll
0x00007ffb51650000 - 0x00007ffb517ba000 	C:\WINDOWS\System32\wintypes.dll
0x00007ffb509b0000 - 0x00007ffb51214000 	C:\WINDOWS\System32\windows.storage.dll
0x00007ffb53e70000 - 0x00007ffb53f67000 	C:\WINDOWS\System32\SHCORE.dll
0x00007ffb52710000 - 0x00007ffb52777000 	C:\WINDOWS\System32\shlwapi.dll
0x00007ffb508d0000 - 0x00007ffb508f9000 	C:\WINDOWS\SYSTEM32\profapi.dll
0x00007ffac6490000 - 0x00007ffac64a8000 	C:\Users\user\.p2\pool\plugins\org.eclipse.justj.openjdk.hotspot.jre.full.win32.x86_64_21.0.8.v20250724-1412\jre\bin\zip.dll
0x00007ffb09bd0000 - 0x00007ffb09be0000 	C:\Users\user\.p2\pool\plugins\org.eclipse.justj.openjdk.hotspot.jre.full.win32.x86_64_21.0.8.v20250724-1412\jre\bin\net.dll
0x00007ffb4a8e0000 - 0x00007ffb4aa07000 	C:\WINDOWS\SYSTEM32\WINHTTP.dll
0x00007ffb4fcb0000 - 0x00007ffb4fd1b000 	C:\WINDOWS\system32\mswsock.dll
0x00007ffac5e90000 - 0x00007ffac5ea6000 	C:\Users\user\.p2\pool\plugins\org.eclipse.justj.openjdk.hotspot.jre.full.win32.x86_64_21.0.8.v20250724-1412\jre\bin\nio.dll
0x00007ffb158b0000 - 0x00007ffb158d4000 	C:\Users\user\AppData\Local\Temp\jansi-2.4.2-271e425a71944023-jansi.dll
0x00007ffb41ad0000 - 0x00007ffb41ae0000 	C:\Users\user\.p2\pool\plugins\org.eclipse.justj.openjdk.hotspot.jre.full.win32.x86_64_21.0.8.v20250724-1412\jre\bin\verify.dll
0x00007ffb4f200000 - 0x00007ffb4f233000 	C:\WINDOWS\SYSTEM32\IPHLPAPI.DLL
0x00007ffb53e60000 - 0x00007ffb53e6a000 	C:\WINDOWS\System32\NSI.dll
0x00007ffb40f30000 - 0x00007ffb40f39000 	C:\Users\user\.p2\pool\plugins\org.eclipse.justj.openjdk.hotspot.jre.full.win32.x86_64_21.0.8.v20250724-1412\jre\bin\extnet.dll

JVMTI agents: none

dbghelp: loaded successfully - version: 4.0.5 - missing functions: none
symbol engine: initialized successfully - sym options: 0x614 - pdb path: .;C:\Users\user\.p2\pool\plugins\org.eclipse.justj.openjdk.hotspot.jre.full.win32.x86_64_21.0.8.v20250724-1412\jre\bin;C:\WINDOWS\SYSTEM32;C:\WINDOWS\WinSxS\amd64_microsoft.windows.common-controls_6595b64144ccf1df_6.0.26100.8037_none_3e092faae333b53b;C:\Users\user\.p2\pool\plugins\org.eclipse.justj.openjdk.hotspot.jre.full.win32.x86_64_21.0.8.v20250724-1412\jre\bin\server;C:\Users\user\AppData\Local\Temp

VM Arguments:
jvm_args: -Dmaven.home=EMBEDDED -Dclassworlds.conf=C:\Users\user\eclipse-workspace\.metadata\.plugins\org.eclipse.m2e.launching\launches\m2conf12675983503577706367.tmp -Dmaven.multiModuleProjectDirectory=C:\Users\user\git\ProjectS2\JStream -Dm2e.build.project.data.socket.port=62976 --module-path=C:\Users\user\Downloads\openjfx-21.0.10_windows-x64_bin-sdk\javafx-sdk-21.0.10\lib --add-modules=javafx.controls,javafx.fxml -Dfile.encoding=UTF-8 -Dstdout.encoding=UTF-8 -Dstderr.encoding=UTF-8 -XX:+ShowCodeDetailsInExceptionMessages 
java_command: org.codehaus.plexus.classworlds.launcher.Launcher -B -Dstyle.color=always javafx:run
java_class_path (initial): C:\Users\user\.p2\pool\plugins\org.eclipse.m2e.maven.runtime_3.9.1101.20251020-1549\jars\plexus-classworlds-2.9.0.jar
Launcher Type: SUN_STANDARD

[Global flags]
     intx CICompilerCount                          = 4                                         {product} {ergonomic}
     uint ConcGCThreads                            = 2                                         {product} {ergonomic}
     uint G1ConcRefinementThreads                  = 8                                         {product} {ergonomic}
   size_t G1HeapRegionSize                         = 4194304                                   {product} {ergonomic}
    uintx GCDrainStackTargetSize                   = 64                                        {product} {ergonomic}
   size_t InitialHeapSize                          = 331350016                                 {product} {ergonomic}
   size_t MarkStackSize                            = 4194304                                   {product} {ergonomic}
   size_t MaxHeapSize                              = 5301600256                                {product} {ergonomic}
   size_t MaxNewSize                               = 3179282432                                {product} {ergonomic}
   size_t MinHeapDeltaBytes                        = 4194304                                   {product} {ergonomic}
   size_t MinHeapSize                              = 8388608                                   {product} {ergonomic}
    uintx NonNMethodCodeHeapSize                   = 5839372                                {pd product} {ergonomic}
    uintx NonProfiledCodeHeapSize                  = 122909434                              {pd product} {ergonomic}
    uintx ProfiledCodeHeapSize                     = 122909434                              {pd product} {ergonomic}
    uintx ReservedCodeCacheSize                    = 251658240                              {pd product} {ergonomic}
     bool SegmentedCodeCache                       = true                                      {product} {ergonomic}
     bool ShowCodeDetailsInExceptionMessages       = true                                   {manageable} {command line}
   size_t SoftMaxHeapSize                          = 5301600256                             {manageable} {ergonomic}
     bool UseCompressedOops                        = true                           {product lp64_product} {ergonomic}
     bool UseG1GC                                  = true                                      {product} {ergonomic}
     bool UseLargePagesIndividualAllocation        = false                                  {pd product} {ergonomic}

Logging:
Log output configuration:
 #0: stdout all=warning uptime,level,tags foldmultilines=false
 #1: stderr all=off uptime,level,tags foldmultilines=false

Environment Variables:
PATH=C:/Users/user/.p2/pool/plugins/org.eclipse.justj.openjdk.hotspot.jre.full.win32.x86_64_21.0.8.v20250724-1412/jre/bin/server;C:/Users/user/.p2/pool/plugins/org.eclipse.justj.openjdk.hotspot.jre.full.win32.x86_64_21.0.8.v20250724-1412/jre/bin;C:\Program Files\Common Files\Oracle\Java\javapath;C:\Program Files (x86)\EasyPHP-DevServer-14.1VC9\binaries\php\php_runningversion;C:\PySchool\3.10-32-bit\Scripts;C:\PySchool\3.10-32-bit;C:\WINDOWS\system32;C:\WINDOWS;C:\WINDOWS\System32\Wbem;C:\WINDOWS\System32\WindowsPowerShell\v1.0\;C:\WINDOWS\System32\OpenSSH\;C:\Program Files (x86)\Windows Kits\10\Windows Performance Toolkit\;C:\Program Files\dotnet\;C:\Users\user\AppData\Local\Programs\Python\Python313\Scripts\;C:\Users\user\AppData\Local\Programs\Python\Python313\;C:\Users\user\AppData\Local\Microsoft\WindowsApps;;C:\Users\user\AppData\Local\Programs\Microsoft VS Code\bin;C:\Program Files\JetBrains\PyCharm 2024.1.4\bin;;C:\Users\user\OneDrive\Desktop;
USERNAME=user
OS=Windows_NT
PROCESSOR_IDENTIFIER=Intel64 Family 6 Model 140 Stepping 1, GenuineIntel
TMP=C:\Users\user\AppData\Local\Temp
TEMP=C:\Users\user\AppData\Local\Temp




Periodic native trim disabled

---------------  S Y S T E M  ---------------

OS:
 Windows 11 , 64 bit Build 26100 (10.0.26100.7920)
OS uptime: 1 days 0:47 hours

CPU: total 8 (initial active 8) (4 cores per cpu, 2 threads per core) family 6 model 140 stepping 1 microcode 0xbe, cx8, cmov, fxsr, ht, mmx, 3dnowpref, sse, sse2, sse3, ssse3, sse4.1, sse4.2, popcnt, lzcnt, tsc, tscinvbit, avx, avx2, aes, erms, clmul, bmi1, bmi2, adx, avx512f, avx512dq, avx512cd, avx512bw, avx512vl, sha, fma, vzeroupper, avx512_vpopcntdq, avx512_vpclmulqdq, avx512_vaes, avx512_vnni, clflush, clflushopt, clwb, avx512_vbmi2, avx512_vbmi, rdtscp, rdpid, fsrm, gfni, avx512_bitalg, f16c, pku, cet_ibt, cet_ss, avx512_ifma
Processor Information for processor 0
  Max Mhz: 2419, Current Mhz: 1209, Mhz Limit: 2419
Processor Information for processor 1
  Max Mhz: 2419, Current Mhz: 2419, Mhz Limit: 2419
Processor Information for processor 2
  Max Mhz: 2419, Current Mhz: 2419, Mhz Limit: 2419
Processor Information for processor 3
  Max Mhz: 2419, Current Mhz: 1209, Mhz Limit: 2419
Processor Information for processor 4
  Max Mhz: 2419, Current Mhz: 2419, Mhz Limit: 2419
Processor Information for processor 5
  Max Mhz: 2419, Current Mhz: 2419, Mhz Limit: 2419
Processor Information for processor 6
  Max Mhz: 2419, Current Mhz: 2419, Mhz Limit: 2419
Processor Information for processor 7
  Max Mhz: 2419, Current Mhz: 1209, Mhz Limit: 2419

Memory: 4k page, system-wide physical 20222M (2023M free)
TotalPageFile size 37410M (AvailPageFile size 59M)
current process WorkingSet (physical memory assigned to process): 251M, peak: 257M
current process commit charge ("private bytes"): 473M, peak: 480M

vm_info: OpenJDK 64-Bit Server VM (21.0.8+9-LTS) for windows-amd64 JRE (21.0.8+9-LTS), built on 2025-07-15T00:00:00Z by "admin" with MS VC++ 17.7 (VS2022)

END.
